Component: Arm Compiler for Embedded 6.21 Tool: armlink [5ec1fa00]

==============================================================================

Section Cross References

    startup_stm32l476xx.o(STACK) refers (Special) to heapauxi.o(.text) for __use_two_region_memory
    startup_stm32l476xx.o(HEAP) refers (Special) to heapauxi.o(.text) for __use_two_region_memory
    startup_stm32l476xx.o(RESET) refers (Special) to heapauxi.o(.text) for __use_two_region_memory
    startup_stm32l476xx.o(RESET) refers to startup_stm32l476xx.o(STACK) for __initial_sp
    startup_stm32l476xx.o(RESET) refers to startup_stm32l476xx.o(.text) for Reset_Handler
    startup_stm32l476xx.o(RESET) refers to stm32l4xx_it.o(.text.NMI_Handler) for NMI_Handler
    startup_stm32l476xx.o(RESET) refers to stm32l4xx_it.o(.text.HardFault_Handler) for HardFault_Handler
    startup_stm32l476xx.o(RESET) refers to stm32l4xx_it.o(.text.MemManage_Handler) for MemManage_Handler
    startup_stm32l476xx.o(RESET) refers to stm32l4xx_it.o(.text.BusFault_Handler) for BusFault_Handler
    startup_stm32l476xx.o(RESET) refers to stm32l4xx_it.o(.text.UsageFault_Handler) for UsageFault_Handler
    startup_stm32l476xx.o(RESET) refers to stm32l4xx_it.o(.text.SVC_Handler) for SVC_Handler
    startup_stm32l476xx.o(RESET) refers to stm32l4xx_it.o(.text.DebugMon_Handler) for DebugMon_Handler
    startup_stm32l476xx.o(RESET) refers to stm32l4xx_it.o(.text.PendSV_Handler) for PendSV_Handler
    startup_stm32l476xx.o(RESET) refers to stm32l4xx_it.o(.text.SysTick_Handler) for SysTick_Handler
    startup_stm32l476xx.o(.text) refers (Special) to heapauxi.o(.text) for __use_two_region_memory
    startup_stm32l476xx.o(.text) refers to system_stm32l4xx.o(.text.SystemInit) for SystemInit
    startup_stm32l476xx.o(.text) refers to __main.o(!!!main) for __main
    startup_stm32l476xx.o(.text) refers to startup_stm32l476xx.o(HEAP) for Heap_Mem
    startup_stm32l476xx.o(.text) refers to startup_stm32l476xx.o(STACK) for Stack_Mem
    main.o(.text.uart_printf) refers to vsnprintf.o(.text) for vsnprintf
    main.o(.text.uart_printf) refers to main.o(.bss.huart2) for huart2
    main.o(.text.uart_printf) refers to stm32l4xx_hal_uart.o(.text.HAL_UART_Transmit) for HAL_UART_Transmit
    main.o(.ARM.exidx.text.uart_printf) refers to main.o(.text.uart_printf) for [Anonymous Symbol]
    main.o(.text.get_ac_rms) refers to main.o(.bss..L_MergedGlobals) for .L_MergedGlobals
    main.o(.text.get_ac_rms) refers to stm32l4xx_hal_adc.o(.text.HAL_ADC_Stop) for HAL_ADC_Stop
    main.o(.text.get_ac_rms) refers to stm32l4xx_hal_adc.o(.text.HAL_ADC_Start) for HAL_ADC_Start
    main.o(.text.get_ac_rms) refers to stm32l4xx_hal_adc.o(.text.HAL_ADC_PollForConversion) for HAL_ADC_PollForConversion
    main.o(.text.get_ac_rms) refers to stm32l4xx_hal_adc.o(.text.HAL_ADC_GetValue) for HAL_ADC_GetValue
    main.o(.ARM.exidx.text.get_ac_rms) refers to main.o(.text.get_ac_rms) for [Anonymous Symbol]
    main.o(.text.main) refers to stm32l4xx_hal.o(.text.HAL_Init) for HAL_Init
    main.o(.text.main) refers to rt_memclr_w.o(.text) for __aeabi_memclr4
    main.o(.text.main) refers to stm32l4xx_hal_pwr_ex.o(.text.HAL_PWREx_ControlVoltageScaling) for HAL_PWREx_ControlVoltageScaling
    main.o(.text.main) refers to stm32l4xx_hal_rcc.o(.text.HAL_RCC_OscConfig) for HAL_RCC_OscConfig
    main.o(.text.main) refers to stm32l4xx_hal_rcc.o(.text.HAL_RCC_ClockConfig) for HAL_RCC_ClockConfig
    main.o(.text.main) refers to stm32l4xx_hal_gpio.o(.text.HAL_GPIO_WritePin) for HAL_GPIO_WritePin
    main.o(.text.main) refers to stm32l4xx_hal_gpio.o(.text.HAL_GPIO_Init) for HAL_GPIO_Init
    main.o(.text.main) refers to main.o(.bss.huart2) for huart2
    main.o(.text.main) refers to stm32l4xx_hal_uart.o(.text.HAL_UART_Init) for HAL_UART_Init
    main.o(.text.main) refers to main.o(.bss..L_MergedGlobals) for .L_MergedGlobals
    main.o(.text.main) refers to stm32l4xx_hal_adc.o(.text.HAL_ADC_Init) for HAL_ADC_Init
    main.o(.text.main) refers to stm32l4xx_hal_adc_ex.o(.text.HAL_ADCEx_MultiModeConfigChannel) for HAL_ADCEx_MultiModeConfigChannel
    main.o(.text.main) refers to stm32l4xx_hal_adc.o(.text.HAL_ADC_ConfigChannel) for HAL_ADC_ConfigChannel
    main.o(.text.main) refers to main.o(.text.uart_printf) for uart_printf
    main.o(.text.main) refers to stm32l4xx_hal_gpio.o(.text.HAL_GPIO_ReadPin) for HAL_GPIO_ReadPin
    main.o(.text.main) refers to main.o(.data.lastButtonState) for lastButtonState
    main.o(.text.main) refers to f2d.o(x$fpl$f2d) for __aeabi_f2d
    main.o(.text.main) refers to stm32l4xx_hal.o(.text.HAL_GetTick) for HAL_GetTick
    main.o(.text.main) refers to stm32l4xx_hal_adc.o(.text.HAL_ADC_Stop) for HAL_ADC_Stop
    main.o(.text.main) refers to stm32l4xx_hal_adc.o(.text.HAL_ADC_Start) for HAL_ADC_Start
    main.o(.text.main) refers to stm32l4xx_hal_adc.o(.text.HAL_ADC_PollForConversion) for HAL_ADC_PollForConversion
[...]
    .ARM.Collect$$_printf_percent$$00000016  0x080002ae   Section        6  _printf_ls.o(.ARM.Collect$$_printf_percent$$00000016)
    .ARM.Collect$$_printf_percent$$00000017  0x080002b4   Section        4  _printf_percent_end.o(.ARM.Collect$$_printf_percent$$00000017)
    .ARM.Collect$$libinit$$00000000          0x080002b8   Section        2  libinit.o(.ARM.Collect$$libinit$$00000000)
    .ARM.Collect$$libinit$$00000001          0x080002ba   Section        4  libinit2.o(.ARM.Collect$$libinit$$00000001)
    .ARM.Collect$$libinit$$00000004          0x080002be   Section        0  libinit2.o(.ARM.Collect$$libinit$$00000004)
    .ARM.Collect$$libinit$$00000006          0x080002be   Section        0  libinit2.o(.ARM.Collect$$libinit$$00000006)
    .ARM.Collect$$libinit$$0000000C          0x080002be   Section        0  libinit2.o(.ARM.Collect$$libinit$$0000000C)
    .ARM.Collect$$libinit$$0000000E          0x080002be   Section        0  libinit2.o(.ARM.Collect$$libinit$$0000000E)
    .ARM.Collect$$libinit$$00000010          0x080002be   Section        0  libinit2.o(.ARM.Collect$$libinit$$00000010)
    .ARM.Collect$$libinit$$00000011          0x080002be   Section        6  libinit2.o(.ARM.Collect$$libinit$$00000011)
    .ARM.Collect$$libinit$$00000013          0x080002c4   Section        0  libinit2.o(.ARM.Collect$$libinit$$00000013)
    .ARM.Collect$$libinit$$00000014          0x080002c4   Section       12  libinit2.o(.ARM.Collect$$libinit$$00000014)
    .ARM.Collect$$libinit$$00000015          0x080002d0   Section        0  libinit2.o(.ARM.Collect$$libinit$$00000015)
    .ARM.Collect$$libinit$$00000017          0x080002d0   Section        0  libinit2.o(.ARM.Collect$$libinit$$00000017)
    .ARM.Collect$$libinit$$00000018          0x080002d0   Section       10  libinit2.o(.ARM.Collect$$libinit$$00000018)
    .ARM.Collect$$libinit$$00000019          0x080002da   Section        0  libinit2.o(.ARM.Collect$$libinit$$00000019)
    .ARM.Collect$$libinit$$0000001B          0x080002da   Section        0  libinit2.o(.ARM.Collect$$libinit$$0000001B)
    .ARM.Collect$$libinit$$0000001D          0x080002da   Section        0  libinit2.o(.ARM.Collect$$libinit$$0000001D)
    .ARM.Collect$$libinit$$0000001F          0x080002da   Section        0  libinit2.o(.ARM.Collect$$libinit$$0000001F)
    .ARM.Collect$$libinit$$00000021          0x080002da   Section        0  libinit2.o(.ARM.Collect$$libinit$$00000021)
    .ARM.Collect$$libinit$$00000023          0x080002da   Section        0  libinit2.o(.ARM.Collect$$libinit$$00000023)
    .ARM.Collect$$libinit$$00000025          0x080002da   Section        0  libinit2.o(.ARM.Collect$$libinit$$00000025)
    .ARM.Collect$$libinit$$00000027          0x080002da   Section        0  libinit2.o(.ARM.Collect$$libinit$$00000027)
    .ARM.Collect$$libinit$$0000002E          0x080002da   Section        0  libinit2.o(.ARM.Collect$$libinit$$0000002E)
    .ARM.Collect$$libinit$$00000030          0x080002da   Section        0  libinit2.o(.ARM.Collect$$libinit$$00000030)
    .ARM.Collect$$libinit$$00000032          0x080002da   Section        0  libinit2.o(.ARM.Collect$$libinit$$00000032)
    .ARM.Collect$$libinit$$00000034          0x080002da   Section        0  libinit2.o(.ARM.Collect$$libinit$$00000034)
    .ARM.Collect$$libinit$$00000035          0x080002da   Section        2  libinit2.o(.ARM.Collect$$libinit$$00000035)
    .ARM.Collect$$libshutdown$$00000000      0x080002dc   Section        2  libshutdown.o(.ARM.Collect$$libshutdown$$00000000)
    .ARM.Collect$$libshutdown$$00000002      0x080002de   Section        0  libshutdown2.o(.ARM.Collect$$libshutdown$$00000002)
    .ARM.Collect$$libshutdown$$00000004      0x080002de   Section        0  libshutdown2.o(.ARM.Collect$$libshutdown$$00000004)
    .ARM.Collect$$libshutdown$$00000007      0x080002de   Section        0  libshutdown2.o(.ARM.Collect$$libshutdown$$00000007)
    .ARM.Collect$$libshutdown$$0000000A      0x080002de   Section        0  libshutdown2.o(.ARM.Collect$$libshutdown$$0000000A)
    .ARM.Collect$$libshutdown$$0000000C      0x080002de   Section        0  libshutdown2.o(.ARM.Collect$$libshutdown$$0000000C)
    .ARM.Collect$$libshutdown$$0000000F      0x080002de   Section        0  libshutdown2.o(.ARM.Collect$$libshutdown$$0000000F)
    .ARM.Collect$$libshutdown$$00000010      0x080002de   Section        2  libshutdown2.o(.ARM.Collect$$libshutdown$$00000010)
    .ARM.Collect$$rtentry$$00000000          0x080002e0   Section        0  __rtentry.o(.ARM.Collect$$rtentry$$00000000)
    .ARM.Collect$$rtentry$$00000002          0x080002e0   Section        0  __rtentry2.o(.ARM.Collect$$rtentry$$00000002)
    .ARM.Collect$$rtentry$$00000004          0x080002e0   Section        6  __rtentry4.o(.ARM.Collect$$rtentry$$00000004)
    .ARM.Collect$$rtentry$$00000009          0x080002e6   Section        0  __rtentry2.o(.ARM.Collect$$rtentry$$00000009)
    .ARM.Collect$$rtentry$$0000000A          0x080002e6   Section        4  __rtentry2.o(.ARM.Collect$$rtentry$$0000000A)
    .ARM.Collect$$rtentry$$0000000C          0x080002ea   Section        0  __rtentry2.o(.ARM.Collect$$rtentry$$0000000C)
    .ARM.Collect$$rtentry$$0000000D          0x080002ea   Section        8  __rtentry2.o(.ARM.Collect$$rtentry$$0000000D)
    .ARM.Collect$$rtexit$$00000000           0x080002f2   Section        2  rtexit.o(.ARM.Collect$$rtexit$$00000000)
    .ARM.Collect$$rtexit$$00000002           0x080002f4   Section        0  rtexit2.o(.ARM.Collect$$rtexit$$00000002)
    .ARM.Collect$$rtexit$$00000003           0x080002f4   Section        4  rtexit2.o(.ARM.Collect$$rtexit$$00000003)
    .ARM.Collect$$rtexit$$00000004           0x080002f8   Section        6  rtexit2.o(.ARM.Collect$$rtexit$$00000004)
    $v0                                      0x08000300   Number         0  startup_stm32l476xx.o(.text)
    .text                                    0x08000300   Section       64  startup_stm32l476xx.o(.text)
    .text                                    0x08000340   Section      240  lludivv7m.o(.text)
    .text                                    0x08000430   Section        0  vsnprintf.o(.text)
    .text                                    0x0800046c   Section       78  rt_memclr_w.o(.text)
    .text                                    0x080004ba   Section        0  heapauxi.o(.text)
    .text                                    0x080004c0   Section        0  _printf_pad.o(.text)
    .text                                    0x0800050e   Section        0  _printf_truncate.o(.text)
    .text                                    0x08000532   Section        0  _printf_str.o(.text)
    .text                                    0x08000584   Section        0  _printf_dec.o(.text)
    .text                                    0x080005fc   Section        0  _printf_charcount.o(.text)
    _printf_input_char                       0x08000625   Thumb Code    10  _printf_char_common.o(.text)
    .text                                    0x08000624   Section        0  _printf_char_common.o(.text)
    .text                                    0x08000654   Section        0  _snputc.o(.text)
    .text                                    0x08000664   Section        0  _printf_wctomb.o(.text)
    .text                                    0x08000728   Section        0  _printf_longlong_dec.o(.text)
    _printf_longlong_oct_internal            0x080007a5   Thumb Code     0  _printf_oct_int_ll.o(.text)
    .text                                    0x080007a4   Section        0  _printf_oct_int_ll.o(.text)
    _printf_hex_common                       0x08000815   Thumb Code     0  _printf_hex_int_ll_ptr.o(.text)
    .text                                    0x08000814   Section        0  _printf_hex_int_ll_ptr.o(.text)
    .text                                    0x080008a8   Section        0  __printf_flags_ss_wp.o(.text)
    .text                                    0x08000a36   Section      138  lludiv10.o(.text)
    .text                                    0x08000ac0   Section        0  _printf_intcommon.o(.text)
    _fp_digits                               0x08000b73   Thumb Code   432  _printf_fp_dec.o(.text)
    .text                                    0x08000b72   Section        0  _printf_fp_dec.o(.text)
    .text                                    0x08000f94   Section        0  _printf_fp_hex.o(.text)
    .text                                    0x08001296   Section        0  _printf_char.o(.text)
    .text                                    0x080012c2   Section        0  _printf_wchar.o(.text)
    .text                                    0x080012ee   Section        0  _c16rtomb.o(.text)
    .text                                    0x08001336   Section       74  sys_stackheap_outer.o(.text)
    .text                                    0x08001380   Section       16  rt_ctype_table.o(.text)
    .text                                    0x08001390   Section        8  rt_locale_intlibspace.o(.text)
    .text                                    0x08001398   Section        0  _printf_fp_infnan.o(.text)
    .text                                    0x08001418   Section        0  bigflt0.o(.text)
    .text                                    0x080014fc   Section        0  exit.o(.text)
    .text                                    0x08001510   Section        8  libspace.o(.text)
    .text                                    0x08001518   Section      124  strcmpv7em.o(.text)
    .text                                    0x08001594   Section        0  sys_exit.o(.text)
    .text                                    0x080015a0   Section        2  use_no_semi.o(.text)
    .text                                    0x080015a2   Section        0  indicate_semi.o(.text)
    [Anonymous Symbol]                       0x080015a4   Section        0  stm32l4xx_hal_adc.o(.text.ADC_ConversionStop)
    [Anonymous Symbol]                       0x08001734   Section        0  stm32l4xx_hal_adc.o(.text.ADC_Enable)
    [Anonymous Symbol]                       0x0800182c   Section        0  stm32l4xx_it.o(.text.BusFault_Handler)
    [Anonymous Symbol]                       0x08001830   Section        0  stm32l4xx_it.o(.text.DebugMon_Handler)
    [Anonymous Symbol]                       0x08001834   Section        0  main.o(.text.Error_Handler)
    [Anonymous Symbol]                       0x08001840   Section        0  stm32l4xx_hal_adc_ex.o(.text.HAL_ADCEx_MultiModeConfigChannel)
    [Anonymous Symbol]                       0x08001908   Section        0  stm32l4xx_hal_adc.o(.text.HAL_ADC_ConfigChannel)
    [Anonymous Symbol]                       0x08001c74   Section        0  stm32l4xx_hal_adc.o(.text.HAL_ADC_GetValue)
    [Anonymous Symbol]                       0x08001c7c   Section        0  stm32l4xx_hal_adc.o(.text.HAL_ADC_Init)
    [Anonymous Symbol]                       0x08001e90   Section        0  stm32l4xx_hal_msp.o(.text.HAL_ADC_MspInit)
    [Anonymous Symbol]                       0x08001f30   Section        0  stm32l4xx_hal_adc.o(.text.HAL_ADC_PollForConversion)
    [Anonymous Symbol]                       0x08002084   Section        0  stm32l4xx_hal_adc.o(.text.HAL_ADC_Start)
    [Anonymous Symbol]                       0x08002168   Section        0  stm32l4xx_hal_adc.o(.text.HAL_ADC_Stop)
    [Anonymous Symbol]                       0x0800221c   Section        0  stm32l4xx_hal_gpio.o(.text.HAL_GPIO_Init)
    [Anonymous Symbol]                       0x080023ec   Section        0  stm32l4xx_hal_gpio.o(.text.HAL_GPIO_ReadPin)
    [Anonymous Symbol]                       0x080023f8   Section        0  stm32l4xx_hal_gpio.o(.text.HAL_GPIO_WritePin)
    [Anonymous Symbol]                       0x08002404   Section        0  stm32l4xx_hal.o(.text.HAL_GetTick)
    [Anonymous Symbol]                       0x08002410   Section        0  stm32l4xx_hal.o(.text.HAL_IncTick)
    [Anonymous Symbol]                       0x0800242c   Section        0  stm32l4xx_hal.o(.text.HAL_Init)
    [Anonymous Symbol]                       0x0800245c   Section        0  stm32l4xx_hal.o(.text.HAL_InitTick)
    [Anonymous Symbol]                       0x080024a8   Section        0  stm32l4xx_hal_msp.o(.text.HAL_MspInit)
    [Anonymous Symbol]                       0x080024dc   Section        0  stm32l4xx_hal_cortex.o(.text.HAL_NVIC_SetPriority)
    [Anonymous Symbol]                       0x08002534   Section        0  stm32l4xx_hal_cortex.o(.text.HAL_NVIC_SetPriorityGrouping)
    [Anonymous Symbol]                       0x08002554   Section        0  stm32l4xx_hal_pwr_ex.o(.text.HAL_PWREx_ControlVoltageScaling)
    [Anonymous Symbol]                       0x080025e0   Section        0  stm32l4xx_hal_pwr_ex.o(.text.HAL_PWREx_GetVoltageRange)
    [Anonymous Symbol]                       0x080025f0   Section        0  stm32l4xx_hal_rcc_ex.o(.text.HAL_RCCEx_PeriphCLKConfig)
    [Anonymous Symbol]                       0x080029d4   Section        0  stm32l4xx_hal_rcc.o(.text.HAL_RCC_ClockConfig)
    [Anonymous Symbol]                       0x08002c50   Section        0  stm32l4xx_hal_rcc.o(.text.HAL_RCC_GetPCLK1Freq)
    [Anonymous Symbol]                       0x08002c7c   Section        0  stm32l4xx_hal_rcc.o(.text.HAL_RCC_GetPCLK2Freq)
    [Anonymous Symbol]                       0x08002ca8   Section        0  stm32l4xx_hal_rcc.o(.text.HAL_RCC_GetSysClockFreq)
    [Anonymous Symbol]                       0x08002d6c   Section        0  stm32l4xx_hal_rcc.o(.text.HAL_RCC_OscConfig)
    [Anonymous Symbol]                       0x080034fc   Section        0  stm32l4xx_hal_cortex.o(.text.HAL_SYSTICK_Config)
    [Anonymous Symbol]                       0x08003528   Section        0  stm32l4xx_hal_uart.o(.text.HAL_UART_Init)
    [Anonymous Symbol]                       0x08003588   Section        0  stm32l4xx_hal_msp.o(.text.HAL_UART_MspInit)
    [Anonymous Symbol]                       0x0800360c   Section        0  stm32l4xx_hal_uart.o(.text.HAL_UART_Transmit)
    [Anonymous Symbol]                       0x0800379c   Section        0  stm32l4xx_it.o(.text.HardFault_Handler)
    [Anonymous Symbol]                       0x080037a0   Section        0  stm32l4xx_it.o(.text.MemManage_Handler)
    [Anonymous Symbol]                       0x080037a4   Section        0  stm32l4xx_it.o(.text.NMI_Handler)
    [Anonymous Symbol]                       0x080037a8   Section        0  stm32l4xx_it.o(.text.PendSV_Handler)
    RCCEx_PLLSAI1_Config                     0x080037ad   Thumb Code   334  stm32l4xx_hal_rcc_ex.o(.text.RCCEx_PLLSAI1_Config)
    [Anonymous Symbol]                       0x080037ac   Section        0  stm32l4xx_hal_rcc_ex.o(.text.RCCEx_PLLSAI1_Config)
    RCCEx_PLLSAI2_Config                     0x080038fd   Thumb Code   286  stm32l4xx_hal_rcc_ex.o(.text.RCCEx_PLLSAI2_Config)
    [Anonymous Symbol]                       0x080038fc   Section        0  stm32l4xx_hal_rcc_ex.o(.text.RCCEx_PLLSAI2_Config)
    [Anonymous Symbol]                       0x08003a1c   Section        0  stm32l4xx_it.o(.text.SVC_Handler)
    [Anonymous Symbol]                       0x08003a20   Section        0  stm32l4xx_it.o(.text.SysTick_Handler)
    [Anonymous Symbol]                       0x08003a24   Section        0  system_stm32l4xx.o(.text.SystemInit)
    [Anonymous Symbol]                       0x08003a38   Section        0  stm32l4xx_hal_uart.o(.text.UART_AdvFeatureConfig)
    [Anonymous Symbol]                       0x08003b24   Section        0  stm32l4xx_hal_uart.o(.text.UART_CheckIdleState)
    [Anonymous Symbol]                       0x08003c8c   Section        0  stm32l4xx_hal_uart.o(.text.UART_SetConfig)
    [Anonymous Symbol]                       0x08003ee0   Section        0  stm32l4xx_hal_uart.o(.text.UART_WaitOnFlagUntilTimeout)
    [Anonymous Symbol]                       0x08004220   Section        0  stm32l4xx_it.o(.text.UsageFault_Handler)
    [Anonymous Symbol]                       0x08004224   Section        0  main.o(.text.main)
    [Anonymous Symbol]                       0x080045c0   Section        0  main.o(.text.uart_printf)
    CL$$btod_d2e                             0x08004604   Section       62  btod.o(CL$$btod_d2e)
    CL$$btod_d2e_denorm_low                  0x08004642   Section       70  btod.o(CL$$btod_d2e_denorm_low)
    CL$$btod_d2e_norm_op1                    0x08004688   Section       96  btod.o(CL$$btod_d2e_norm_op1)
    CL$$btod_div_common                      0x080046e8   Section      824  btod.o(CL$$btod_div_common)
    CL$$btod_e2e                             0x08004a20   Section      220  btod.o(CL$$btod_e2e)
    CL$$btod_ediv                            0x08004afc   Section       42  btod.o(CL$$btod_ediv)
    CL$$btod_emul                            0x08004b26   Section       42  btod.o(CL$$btod_emul)
    CL$$btod_mult_common                     0x08004b50   Section      580  btod.o(CL$$btod_mult_common)
    i.__ARM_fpclassify                       0x08004d94   Section        0  fpclassify.o(i.__ARM_fpclassify)
    i._is_digit                              0x08004dc4   Section        0  __printf_wp.o(i._is_digit)
    locale$$code                             0x08004dd4   Section       44  lc_numeric_c.o(locale$$code)
    locale$$code                             0x08004e00   Section       44  lc_ctype_c.o(locale$$code)
    $v0                                      0x08004e2c   Number         0  dretinf.o(x$fpl$dretinf)
    x$fpl$dretinf                            0x08004e2c   Section       12  dretinf.o(x$fpl$dretinf)
    $v0                                      0x08004e38   Number         0  f2d.o(x$fpl$f2d)
    x$fpl$f2d                                0x08004e38   Section       86  f2d.o(x$fpl$f2d)
    $v0                                      0x08004e8e   Number         0  fnaninf.o(x$fpl$fnaninf)
    x$fpl$fnaninf                            0x08004e8e   Section      140  fnaninf.o(x$fpl$fnaninf)
    $v0                                      0x08004f1a   Number         0  fpinit.o(x$fpl$fpinit)
    x$fpl$fpinit                             0x08004f1a   Section       26  fpinit.o(x$fpl$fpinit)
    $v0                                      0x08004f34   Number         0  printf1.o(x$fpl$printf1)
    x$fpl$printf1                            0x08004f34   Section        4  printf1.o(x$fpl$printf1)
    $v0                                      0x08004f38   Number         0  printf2.o(x$fpl$printf2)
    x$fpl$printf2                            0x08004f38   Section        4  printf2.o(x$fpl$printf2)
    initial_mbstate                          0x08004f3c   Data           8  _printf_wctomb.o(.constdata)
    .constdata                               0x08004f3c   Section        8  _printf_wctomb.o(.constdata)
    x$fpl$usenofp                            0x08004f3c   Section        0  usenofp.o(x$fpl$usenofp)
    uc_hextab                                0x08004f44   Data          20  _printf_hex_int_ll_ptr.o(.constdata)
    .constdata                               0x08004f44   Section       40  _printf_hex_int_ll_ptr.o(.constdata)
    lc_hextab                                0x08004f58   Data          20  _printf_hex_int_ll_ptr.o(.constdata)
    maptable                                 0x08004f6c   Data          17  __printf_flags_ss_wp.o(.constdata)
    .constdata                               0x08004f6c   Section       17  __printf_flags_ss_wp.o(.constdata)
    lc_hextab                                0x08004f7d   Data          19  _printf_fp_hex.o(.constdata)
    .constdata                               0x08004f7d   Section       38  _printf_fp_hex.o(.constdata)
    uc_hextab                                0x08004f90   Data          19  _printf_fp_hex.o(.constdata)
    tenpwrs_x                                0x08004fa4   Data          60  bigflt0.o(.constdata)
    .constdata                               0x08004fa4   Section      148  bigflt0.o(.constdata)
    tenpwrs_i                                0x08004fe0   Data          64  bigflt0.o(.constdata)
    .Lswitch.table.UART_SetConfig.5          0x08005080   Data          16  stm32l4xx_hal_uart.o(.rodata.cst16)
    locale$$data                             0x080050b0   Section       28  lc_numeric_c.o(locale$$data)
    __lcnum_c_name                           0x080050b4   Data           2  lc_numeric_c.o(locale$$data)
    __lcnum_c_start                          0x080050bc   Data           0  lc_numeric_c.o(locale$$data)
    __lcnum_c_point                          0x080050c8   Data           0  lc_numeric_c.o(locale$$data)
    __lcnum_c_thousands                      0x080050ca   Data           0  lc_numeric_c.o(locale$$data)
    __lcnum_c_grouping                       0x080050cb   Data           0  lc_numeric_c.o(locale$$data)
    __lcnum_c_end                            0x080050cc   Data           0  lc_numeric_c.o(locale$$data)
    locale$$data                             0x080050cc   Section      272  lc_ctype_c.o(locale$$data)
    __lcctype_c_name                         0x080050d0   Data           2  lc_ctype_c.o(locale$$data)
    __lcctype_c_start                        0x080050d8   Data           0  lc_ctype_c.o(locale$$data)
    __lcctype_c_end                          0x080051dc   Data           0  lc_ctype_c.o(locale$$data)
    .L_MergedGlobals                         0x20000000   Data           8  stm32l4xx_hal.o(.data..L_MergedGlobals)
    [Anonymous Symbol]                       0x20000000   Section        0  stm32l4xx_hal.o(.data..L_MergedGlobals)
    .bss                                     0x20000010   Section       96  libspace.o(.bss)
    .L_MergedGlobals                         0x20000070   Data         108  main.o(.bss..L_MergedGlobals)
    [Anonymous Symbol]                       0x20000070   Section        0  main.o(.bss..L_MergedGlobals)
    main.lastPrint                           0x20000074   Data           4  main.o(.bss..L_MergedGlobals)
    Heap_Mem                                 0x20000168   Data         512  startup_stm32l476xx.o(HEAP)
    HEAP                                     0x20000168   Section      512  startup_stm32l476xx.o(HEAP)
    Stack_Mem                                0x20000368   Data        1024  startup_stm32l476xx.o(STACK)
    STACK                                    0x20000368   Section     1024  startup_stm32l476xx.o(STACK)
    __initial_sp                             0x20000768   Data           0  startup_stm32l476xx.o(STACK)

    Global Symbols

    Symbol Name                              Value     Ov Type        Size  Object(Section)

    BuildAttributes$$THM_ISAv4$E$P$D$K$B$S$7EM$VFPi3$EXTD16$VFPS$VFMA$PE$A:L22UL41UL21$X:L11$S22US41US21$IEEE1$IW$~IW$USESV6$~STKCKD$USESV7$~SHL$OTIME$ROPI$IEEEJ$EBA8$UX$STANDARDLIB$REQ8$PRES8$EABIv2 0x00000000   Number         0  anon$$obj.o ABSOLUTE
    _printf_flags                            0x00000000   Number         0  printf_stubs.o ABSOLUTE
    _printf_return_value                     0x00000000   Number         0  printf_stubs.o ABSOLUTE
    _printf_sizespec                         0x00000000   Number         0  printf_stubs.o ABSOLUTE
    _printf_widthprec                        0x00000000   Number         0  printf_stubs.o ABSOLUTE
    __ARM_exceptions_init                     - Undefined Weak Reference
    __alloca_initialize                       - Undefined Weak Reference
    __arm_preinit_                            - Undefined Weak Reference
    __arm_relocate_pie_                       - Undefined Weak Reference
    __cpp_initialize__aeabi_                  - Undefined Weak Reference
    __cxa_finalize                            - Undefined Weak Reference
    __sigvec_lookup                           - Undefined Weak Reference
    _atexit_init                              - Undefined Weak Reference
    _call_atexit_fns                          - Undefined Weak Reference
    _clock_init                               - Undefined Weak Reference
    _fp_trap_init                             - Undefined Weak Reference
    _fp_trap_shutdown                         - Undefined Weak Reference
    _get_lc_collate                           - Undefined Weak Reference
    _get_lc_monetary                          - Undefined Weak Reference
    _get_lc_time                              - Undefined Weak Reference
    _getenv_init                              - Undefined Weak Reference
    _handle_redirection                       - Undefined Weak Reference
    _init_alloc                               - Undefined Weak Reference
    _init_user_alloc                          - Undefined Weak Reference
    _initio                                   - Undefined Weak Reference
    _printf_mbtowc                            - Undefined Weak Reference
    _printf_wc                                - Undefined Weak Reference
    _rand_init                                - Undefined Weak Reference
    _signal_finish                            - Undefined Weak Reference
    _signal_init                              - Undefined Weak Reference
    _terminate_alloc                          - Undefined Weak Reference
    _terminate_user_alloc                     - Undefined Weak Reference
    _terminateio                              - Undefined Weak Reference
    __Vectors_Size                           0x00000188   Number         0  startup_stm32l476xx.o ABSOLUTE
    __Vectors                                0x08000000   Data           4  startup_stm32l476xx.o(RESET)
    __Vectors_End                            0x08000188   Data           0  startup_stm32l476xx.o(RESET)
    __main                                   0x08000189   Thumb Code     8  __main.o(!!!main)
    __scatterload                            0x08000191   Thumb Code     0  __scatter.o(!!!scatter)
    __scatterload_rt2                        0x08000191   Thumb Code    84  __scatter.o(!!!scatter)
    __scatterload_rt2_thumb_only             0x08000191   Thumb Code     0  __scatter.o(!!!scatter)
    __scatterload_loop                       0x0800019b   Thumb Code     0  __scatter.o(!!!scatter)
    __scatterload_copy                       0x080001ed   Thumb Code    26  __scatter_copy.o(!!handler_copy)
    __scatterload_null                       0x08000209   Thumb Code     2  __scatter.o(!!handler_null)
    __scatterload_zeroinit                   0x0800020d   Thumb Code    28  __scatter_zi.o(!!handler_zi)
    _printf_n                                0x08000229   Thumb Code     0  _printf_n.o(.ARM.Collect$$_printf_percent$$00000001)
    _printf_percent                          0x08000229   Thumb Code     0  _printf_percent.o(.ARM.Collect$$_printf_percent$$00000000)
    _printf_p                                0x0800022f   Thumb Code     0  _printf_p.o(.ARM.Collect$$_printf_percent$$00000002)
    _printf_f                                0x08000235   Thumb Code     0  _printf_f.o(.ARM.Collect$$_printf_percent$$00000003)
    _printf_e                                0x0800023b   Thumb Code     0  _printf_e.o(.ARM.Collect$$_printf_percent$$00000004)
    _printf_g                                0x08000241   Thumb Code     0  _printf_g.o(.ARM.Collect$$_printf_percent$$00000005)
    _printf_a                                0x08000247   Thumb Code     0  _printf_a.o(.ARM.Collect$$_printf_percent$$00000006)
    _printf_ll                               0x0800024d   Thumb Code     0  _printf_ll.o(.ARM.Collect$$_printf_percent$$00000007)
    _printf_i                                0x08000257   Thumb Code     0  _printf_i.o(.ARM.Collect$$_printf_percent$$00000008)
    _printf_d                                0x0800025d   Thumb Code     0  _printf_d.o(.ARM.Collect$$_printf_percent$$00000009)
    _printf_u                                0x08000263   Thumb Code     0  _printf_u.o(.ARM.Collect$$_printf_percent$$0000000A)
    _printf_o                                0x08000269   Thumb Code     0  _printf_o.o(.ARM.Collect$$_printf_percent$$0000000B)
    _printf_x                                0x0800026f   Thumb Code     0  _printf_x.o(.ARM.Collect$$_printf_percent$$0000000C)
    _printf_lli                              0x08000275   Thumb Code     0  _printf_lli.o(.ARM.Collect$$_printf_percent$$0000000D)
    _printf_lld                              0x0800027b   Thumb Code     0  _printf_lld.o(.ARM.Collect$$_printf_percent$$0000000E)
    _printf_llu                              0x08000281   Thumb Code     0  _printf_llu.o(.ARM.Collect$$_printf_percent$$0000000F)
    _printf_llo                              0x08000287   Thumb Code     0  _printf_llo.o(.ARM.Collect$$_printf_percent$$00000010)
    _printf_llx                              0x0800028d   Thumb Code     0  _printf_llx.o(.ARM.Collect$$_printf_percent$$00000011)
    _printf_l                                0x08000293   Thumb Code     0  _printf_l.o(.ARM.Collect$$_printf_percent$$00000012)
    _printf_c                                0x0800029d   Thumb Code     0  _printf_c.o(.ARM.Collect$$_printf_percent$$00000013)
    _printf_s                                0x080002a3   Thumb Code     0  _printf_s.o(.ARM.Collect$$_printf_percent$$00000014)
    _printf_lc                               0x080002a9   Thumb Code     0  _printf_lc.o(.ARM.Collect$$_printf_percent$$00000015)
    _printf_ls                               0x080002af   Thumb Code     0  _printf_ls.o(.ARM.Collect$$_printf_percent$$00000016)
    _printf_percent_end                      0x080002b5   Thumb Code     0  _printf_percent_end.o(.ARM.Collect$$_printf_percent$$00000017)
    __rt_lib_init                            0x080002b9   Thumb Code     0  libinit.o(.ARM.Collect$$libinit$$00000000)
    __rt_lib_init_fp_1                       0x080002bb   Thumb Code     0  libinit2.o(.ARM.Collect$$libinit$$00000001)
    __rt_lib_init_heap_1                     0x080002bf   Thumb Code     0  libinit2.o(.ARM.Collect$$libinit$$0000000C)
    __rt_lib_init_lc_common                  0x080002bf   Thumb Code     0  libinit2.o(.ARM.Collect$$libinit$$00000011)
    __rt_lib_init_preinit_1                  0x080002bf   Thumb Code     0  libinit2.o(.ARM.Collect$$libinit$$00000006)
    __rt_lib_init_rand_1                     0x080002bf   Thumb Code     0  libinit2.o(.ARM.Collect$$libinit$$00000010)
    __rt_lib_init_relocate_pie_1             0x080002bf   Thumb Code     0  libinit2.o(.ARM.Collect$$libinit$$00000004)
    __rt_lib_init_user_alloc_1               0x080002bf   Thumb Code     0  libinit2.o(.ARM.Collect$$libinit$$0000000E)
    __rt_lib_init_lc_collate_1               0x080002c5   Thumb Code     0  libinit2.o(.ARM.Collect$$libinit$$00000013)
    __rt_lib_init_lc_ctype_2                 0x080002c5   Thumb Code     0  libinit2.o(.ARM.Collect$$libinit$$00000014)
    __rt_lib_init_lc_ctype_1                 0x080002d1   Thumb Code     0  libinit2.o(.ARM.Collect$$libinit$$00000015)
    __rt_lib_init_lc_monetary_1              0x080002d1   Thumb Code     0  libinit2.o(.ARM.Collect$$libinit$$00000017)
    __rt_lib_init_lc_numeric_2               0x080002d1   Thumb Code     0  libinit2.o(.ARM.Collect$$libinit$$00000018)
    __rt_lib_init_alloca_1                   0x080002db   Thumb Code     0  libinit2.o(.ARM.Collect$$libinit$$00000030)
    __rt_lib_init_argv_1                     0x080002db   Thumb Code     0  libinit2.o(.ARM.Collect$$libinit$$0000002E)
    __rt_lib_init_atexit_1                   0x080002db   Thumb Code     0  libinit2.o(.ARM.Collect$$libinit$$0000001D)
    __rt_lib_init_clock_1                    0x080002db   Thumb Code     0  libinit2.o(.ARM.Collect$$libinit$$00000023)
    __rt_lib_init_cpp_1                      0x080002db   Thumb Code     0  libinit2.o(.ARM.Collect$$libinit$$00000034)
    __rt_lib_init_exceptions_1               0x080002db   Thumb Code     0  libinit2.o(.ARM.Collect$$libinit$$00000032)
    __rt_lib_init_fp_trap_1                  0x080002db   Thumb Code     0  libinit2.o(.ARM.Collect$$libinit$$00000021)
    __rt_lib_init_getenv_1                   0x080002db   Thumb Code     0  libinit2.o(.ARM.Collect$$libinit$$00000025)
    __rt_lib_init_lc_numeric_1               0x080002db   Thumb Code     0  libinit2.o(.ARM.Collect$$libinit$$00000019)
    __rt_lib_init_lc_time_1                  0x080002db   Thumb Code     0  libinit2.o(.ARM.Collect$$libinit$$0000001B)
    __rt_lib_init_return                     0x080002db   Thumb Code     0  libinit2.o(.ARM.Collect$$libinit$$00000035)
    __rt_lib_init_signal_1                   0x080002db   Thumb Code     0  libinit2.o(.ARM.Collect$$libinit$$0000001F)
    __rt_lib_init_stdio_1                    0x080002db   Thumb Code     0  libinit2.o(.ARM.Collect$$libinit$$00000027)
    __rt_lib_shutdown                        0x080002dd   Thumb Code     0  libshutdown.o(.ARM.Collect$$libshutdown$$00000000)
    __rt_lib_shutdown_cpp_1                  0x080002df   Thumb Code     0  libshutdown2.o(.ARM.Collect$$libshutdown$$00000002)
    __rt_lib_shutdown_fp_trap_1              0x080002df   Thumb Code     0  libshutdown2.o(.ARM.Collect$$libshutdown$$00000007)
    __rt_lib_shutdown_heap_1                 0x080002df   Thumb Code     0  libshutdown2.o(.ARM.Collect$$libshutdown$$0000000F)
    __rt_lib_shutdown_return                 0x080002df   Thumb Code     0  libshutdown2.o(.ARM.Collect$$libshutdown$$00000010)
    __rt_lib_shutdown_signal_1               0x080002df   Thumb Code     0  libshutdown2.o(.ARM.Collect$$libshutdown$$0000000A)
    __rt_lib_shutdown_stdio_1                0x080002df   Thumb Code     0  libshutdown2.o(.ARM.Collect$$libshutdown$$00000004)
    __rt_lib_shutdown_user_alloc_1           0x080002df   Thumb Code     0  libshutdown2.o(.ARM.Collect$$libshutdown$$0000000C)
    __rt_entry                               0x080002e1   Thumb Code     0  __rtentry.o(.ARM.Collect$$rtentry$$00000000)
    __rt_entry_presh_1                       0x080002e1   Thumb Code     0  __rtentry2.o(.ARM.Collect$$rtentry$$00000002)
    __rt_entry_sh                            0x080002e1   Thumb Code     0  __rtentry4.o(.ARM.Collect$$rtentry$$00000004)
    __rt_entry_li                            0x080002e7   Thumb Code     0  __rtentry2.o(.ARM.Collect$$rtentry$$0000000A)
    __rt_entry_postsh_1                      0x080002e7   Thumb Code     0  __rtentry2.o(.ARM.Collect$$rtentry$$00000009)
    __rt_entry_main                          0x080002eb   Thumb Code     0  __rtentry2.o(.ARM.Collect$$rtentry$$0000000D)
    __rt_entry_postli_1                      0x080002eb   Thumb Code     0  __rtentry2.o(.ARM.Collect$$rtentry$$0000000C)
    __rt_exit                                0x080002f3   Thumb Code     0  rtexit.o(.ARM.Collect$$rtexit$$00000000)
    __rt_exit_ls                             0x080002f5   Thumb Code     0  rtexit2.o(.ARM.Collect$$rtexit$$00000003)
    __rt_exit_prels_1                        0x080002f5   Thumb Code     0  rtexit2.o(.ARM.Collect$$rtexit$$00000002)
    __rt_exit_exit                           0x080002f9   Thumb Code     0  rtexit2.o(.ARM.Collect$$rtexit$$00000004)
    Reset_Handler                            0x08000301   Thumb Code     8  startup_stm32l476xx.o(.text)
    ADC1_2_IRQHandler                        0x0800031b   Thumb Code     0  startup_stm32l476xx.o(.text)
    ADC3_IRQHandler                          0x0800031b   Thumb Code     0  startup_stm32l476xx.o(.text)
    CAN1_RX0_IRQHandler                      0x0800031b   Thumb Code     0  startup_stm32l476xx.o(.text)
    CAN1_RX1_IRQHandler                      0x0800031b   Thumb Code     0  startup_stm32l476xx.o(.text)
    CAN1_SCE_IRQHandler                      0x0800031b   Thumb Code     0  startup_stm32l476xx.o(.text)
    CAN1_TX_IRQHandler                       0x0800031b   Thumb Code     0  startup_stm32l476xx.o(.text)
    COMP_IRQHandler                          0x0800031b   Thumb Code     0  startup_stm32l476xx.o(.text)
    DFSDM1_FLT0_IRQHandler                   0x0800031b   Thumb Code     0  startup_stm32l476xx.o(.text)
    DFSDM1_FLT1_IRQHandler                   0x0800031b   Thumb Code     0  startup_stm32l476xx.o(.text)
    DFSDM1_FLT2_IRQHandler                   0x0800031b   Thumb Code     0  startup_stm32l476xx.o(.text)
    DFSDM1_FLT3_IRQHandler                   0x0800031b   Thumb Code     0  startup_stm32l476xx.o(.text)
    DMA1_Channel1_IRQHandler                 0x0800031b   Thumb Code     0  startup_stm32l476xx.o(.text)
    DMA1_Channel2_IRQHandler                 0x0800031b   Thumb Code     0  startup_stm32l476xx.o(.text)
    DMA1_Channel3_IRQHandler                 0x0800031b   Thumb Code     0  startup_stm32l476xx.o(.text)
    DMA1_Channel4_IRQHandler                 0x0800031b   Thumb Code     0  startup_stm32l476xx.o(.text)
    DMA1_Channel5_IRQHandler                 0x0800031b   Thumb Code     0  startup_stm32l476xx.o(.text)
    DMA1_Channel6_IRQHandler                 0x0800031b   Thumb Code     0  startup_stm32l476xx.o(.text)
    DMA1_Channel7_IRQHandler                 0x0800031b   Thumb Code     0  startup_stm32l476xx.o(.text)
    DMA2_Channel1_IRQHandler                 0x0800031b   Thumb Code     0  startup_stm32l476xx.o(.text)
    DMA2_Channel2_IRQHandler                 0x0800031b   Thumb Code     0  startup_stm32l476xx.o(.text)
    DMA2_Channel3_IRQHandler                 0x0800031b   Thumb Code     0  startup_stm32l476xx.o(.text)
    DMA2_Channel4_IRQHandler                 0x0800031b   Thumb Code     0  startup_stm32l476xx.o(.text)
    DMA2_Channel5_IRQHandler                 0x0800031b   Thumb Code     0  startup_stm32l476xx.o(.text)
    DMA2_Channel6_IRQHandler                 0x0800031b   Thumb Code     0  startup_stm32l476xx.o(.text)
    DMA2_Channel7_IRQHandler                 0x0800031b   Thumb Code     0  startup_stm32l476xx.o(.text)
    EXTI0_IRQHandler                         0x0800031b   Thumb Code     0  startup_stm32l476xx.o(.text)
    EXTI15_10_IRQHandler                     0x0800031b   Thumb Code     0  startup_stm32l476xx.o(.text)
    EXTI1_IRQHandler                         0x0800031b   Thumb Code     0  startup_stm32l476xx.o(.text)
    EXTI2_IRQHandler                         0x0800031b   Thumb Code     0  startup_stm32l476xx.o(.text)
    EXTI3_IRQHandler                         0x0800031b   Thumb Code     0  startup_stm32l476xx.o(.text)
    EXTI4_IRQHandler                         0x0800031b   Thumb Code     0  startup_stm32l476xx.o(.text)
    EXTI9_5_IRQHandler                       0x0800031b   Thumb Code     0  startup_stm32l476xx.o(.text)
    FLASH_IRQHandler                         0x0800031b   Thumb Code     0  startup_stm32l476xx.o(.text)
    FMC_IRQHandler                           0x0800031b   Thumb Code     0  startup_stm32l476xx.o(.text)
    FPU_IRQHandler                           0x0800031b   Thumb Code     0  startup_stm32l476xx.o(.text)
    I2C1_ER_IRQHandler                       0x0800031b   Thumb Code     0  startup_stm32l476xx.o(.text)
    I2C1_EV_IRQHandler                       0x0800031b   Thumb Code     0  startup_stm32l476xx.o(.text)
    I2C2_ER_IRQHandler                       0x0800031b   Thumb Code     0  startup_stm32l476xx.o(.text)
    I2C2_EV_IRQHandler                       0x0800031b   Thumb Code     0  startup_stm32l476xx.o(.text)
    I2C3_ER_IRQHandler                       0x0800031b   Thumb Code     0  startup_stm32l476xx.o(.text)
    I2C3_EV_IRQHandler                       0x0800031b   Thumb Code     0  startup_stm32l476xx.o(.text)
    LCD_IRQHandler                           0x0800031b   Thumb Code     0  startup_stm32l476xx.o(.text)
    LPTIM1_IRQHandler                        0x0800031b   Thumb Code     0  startup_stm32l476xx.o(.text)
    LPTIM2_IRQHandler                        0x0800031b   Thumb Code     0  startup_stm32l476xx.o(.text)
    LPUART1_IRQHandler                       0x0800031b   Thumb Code     0  startup_stm32l476xx.o(.text)
    OTG_FS_IRQHandler                        0x0800031b   Thumb Code     0  startup_stm32l476xx.o(.text)
    PVD_PVM_IRQHandler                       0x0800031b   Thumb Code     0  startup_stm32l476xx.o(.text)
    QUADSPI_IRQHandler                       0x0800031b   Thumb Code     0  startup_stm32l476xx.o(.text)
    RCC_IRQHandler                           0x0800031b   Thumb Code     0  startup_stm32l476xx.o(.text)
    RNG_IRQHandler                           0x0800031b   Thumb Code     0  startup_stm32l476xx.o(.text)
    RTC_Alarm_IRQHandler                     0x0800031b   Thumb Code     0  startup_stm32l476xx.o(.text)
    RTC_WKUP_IRQHandler                      0x0800031b   Thumb Code     0  startup_stm32l476xx.o(.text)
    SAI1_IRQHandler                          0x0800031b   Thumb Code     0  startup_stm32l476xx.o(.text)
    SAI2_IRQHandler                          0x0800031b   Thumb Code     0  startup_stm32l476xx.o(.text)
    SDMMC1_IRQHandler                        0x0800031b   Thumb Code     0  startup_stm32l476xx.o(.text)
    SPI1_IRQHandler                          0x0800031b   Thumb Code     0  startup_stm32l476xx.o(.text)
    SPI2_IRQHandler                          0x0800031b   Thumb Code     0  startup_stm32l476xx.o(.text)
    SPI3_IRQHandler                          0x0800031b   Thumb Code     0  startup_stm32l476xx.o(.text)
    SWPMI1_IRQHandler                        0x0800031b   Thumb Code     0  startup_stm32l476xx.o(.text)
    TAMP_STAMP_IRQHandler                    0x0800031b   Thumb Code     0  startup_stm32l476xx.o(.text)
    TIM1_BRK_TIM15_IRQHandler                0x0800031b   Thumb Code     0  startup_stm32l476xx.o(.text)
    TIM1_CC_IRQHandler                       0x0800031b   Thumb Code     0  startup_stm32l476xx.o(.text)
    TIM1_TRG_COM_TIM17_IRQHandler            0x0800031b   Thumb Code     0  startup_stm32l476xx.o(.text)
    TIM1_UP_TIM16_IRQHandler                 0x0800031b   Thumb Code     0  startup_stm32l476xx.o(.text)
    TIM2_IRQHandler                          0x0800031b   Thumb Code     0  startup_stm32l476xx.o(.text)
    TIM3_IRQHandler                          0x0800031b   Thumb Code     0  startup_stm32l476xx.o(.text)
    TIM4_IRQHandler                          0x0800031b   Thumb Code     0  startup_stm32l476xx.o(.text)
    TIM5_IRQHandler                          0x0800031b   Thumb Code     0  startup_stm32l476xx.o(.text)
    TIM6_DAC_IRQHandler                      0x0800031b   Thumb Code     0  startup_stm32l476xx.o(.text)
    TIM7_IRQHandler                          0x0800031b   Thumb Code     0  startup_stm32l476xx.o(.text)
    TIM8_BRK_IRQHandler                      0x0800031b   Thumb Code     0  startup_stm32l476xx.o(.text)
    TIM8_CC_IRQHandler                       0x0800031b   Thumb Code     0  startup_stm32l476xx.o(.text)
    TIM8_TRG_COM_IRQHandler                  0x0800031b   Thumb Code     0  startup_stm32l476xx.o(.text)
    TIM8_UP_IRQHandler                       0x0800031b   Thumb Code     0  startup_stm32l476xx.o(.text)
    TSC_IRQHandler                           0x0800031b   Thumb Code     0  startup_stm32l476xx.o(.text)
    UART4_IRQHandler                         0x0800031b   Thumb Code     0  startup_stm32l476xx.o(.text)
    UART5_IRQHandler                         0x0800031b   Thumb Code     0  startup_stm32l476xx.o(.text)
    USART1_IRQHandler                        0x0800031b   Thumb Code     0  startup_stm32l476xx.o(.text)
    USART2_IRQHandler                        0x0800031b   Thumb Code     0  startup_stm32l476xx.o(.text)
    USART3_IRQHandler                        0x0800031b   Thumb Code     0  startup_stm32l476xx.o(.text)
    WWDG_IRQHandler                          0x0800031b   Thumb Code     0  startup_stm32l476xx.o(.text)
    __user_initial_stackheap                 0x0800031d   Thumb Code     0  startup_stm32l476xx.o(.text)
    __aeabi_uldivmod                         0x08000341   Thumb Code     0  lludivv7m.o(.text)
    _ll_udiv                                 0x08000341   Thumb Code   240  lludivv7m.o(.text)
    vsnprintf                                0x08000431   Thumb Code    56  vsnprintf.o(.text)
    __aeabi_memclr4                          0x0800046d   Thumb Code     0  rt_memclr_w.o(.text)
    __aeabi_memclr8                          0x0800046d   Thumb Code     0  rt_memclr_w.o(.text)
    __rt_memclr_w                            0x0800046d   Thumb Code     0  rt_memclr_w.o(.text)
    _memset_w                                0x08000471   Thumb Code    74  rt_memclr_w.o(.text)
    __use_two_region_memory                  0x080004bb   Thumb Code     2  heapauxi.o(.text)
    __rt_heap_escrow$2region                 0x080004bd   Thumb Code     2  heapauxi.o(.text)
    __rt_heap_expand$2region                 0x080004bf   Thumb Code     2  heapauxi.o(.text)
    _printf_pre_padding                      0x080004c1   Thumb Code    44  _printf_pad.o(.text)
    _printf_post_padding                     0x080004ed   Thumb Code    34  _printf_pad.o(.text)
    _printf_truncate_signed                  0x0800050f   Thumb Code    18  _printf_truncate.o(.text)
    _printf_truncate_unsigned                0x08000521   Thumb Code    18  _printf_truncate.o(.text)
    _printf_str                              0x08000533   Thumb Code    82  _printf_str.o(.text)
    _printf_int_dec                          0x08000585   Thumb Code   104  _printf_dec.o(.text)
    _printf_charcount                        0x080005fd   Thumb Code    40  _printf_charcount.o(.text)
    _printf_char_common                      0x0800062f   Thumb Code    32  _printf_char_common.o(.text)
    _snputc                                  0x08000655   Thumb Code    16  _snputc.o(.text)
    _printf_wctomb                           0x08000665   Thumb Code   182  _printf_wctomb.o(.text)
    _printf_longlong_dec                     0x08000729   Thumb Code   108  _printf_longlong_dec.o(.text)
    _printf_longlong_oct                     0x080007a5   Thumb Code    68  _printf_oct_int_ll.o(.text)
    _printf_int_oct                          0x080007e9   Thumb Code    24  _printf_oct_int_ll.o(.text)
    _printf_ll_oct                           0x08000801   Thumb Code    12  _printf_oct_int_ll.o(.text)
    _printf_longlong_hex                     0x08000815   Thumb Code    86  _printf_hex_int_ll_ptr.o(.text)
    _printf_int_hex                          0x0800086b   Thumb Code    28  _printf_hex_int_ll_ptr.o(.text)
    _printf_ll_hex                           0x08000887   Thumb Code    12  _printf_hex_int_ll_ptr.o(.text)
    _printf_hex_ptr                          0x08000893   Thumb Code    18  _printf_hex_int_ll_ptr.o(.text)
    __printf                                 0x080008a9   Thumb Code   388  __printf_flags_ss_wp.o(.text)
    _ll_udiv10                               0x08000a37   Thumb Code   138  lludiv10.o(.text)
    _printf_int_common                       0x08000ac1   Thumb Code   178  _printf_intcommon.o(.text)
    _printf_fp_dec_real                      0x08000d23   Thumb Code   620  _printf_fp_dec.o(.text)
    _printf_fp_hex_real                      0x08000f95   Thumb Code   756  _printf_fp_hex.o(.text)
    _printf_cs_common                        0x08001297   Thumb Code    20  _printf_char.o(.text)
    _printf_char                             0x080012ab   Thumb Code    16  _printf_char.o(.text)
    _printf_string                           0x080012bb   Thumb Code     8  _printf_char.o(.text)
    _printf_lcs_common                       0x080012c3   Thumb Code    20  _printf_wchar.o(.text)
    _printf_wchar                            0x080012d7   Thumb Code    16  _printf_wchar.o(.text)
    _printf_wstring                          0x080012e7   Thumb Code     8  _printf_wchar.o(.text)
    _c16rtomb                                0x080012ef   Thumb Code    72  _c16rtomb.o(.text)
    _wcrtomb                                 0x080012ef   Thumb Code     0  _c16rtomb.o(.text)
    __user_setup_stackheap                   0x08001337   Thumb Code    74  sys_stackheap_outer.o(.text)
    __rt_ctype_table                         0x08001381   Thumb Code    16  rt_ctype_table.o(.text)
    __rt_locale                              0x08001391   Thumb Code     8  rt_locale_intlibspace.o(.text)
    _printf_fp_infnan                        0x08001399   Thumb Code   112  _printf_fp_infnan.o(.text)
    _btod_etento                             0x08001419   Thumb Code   224  bigflt0.o(.text)
    exit                                     0x080014fd   Thumb Code    18  exit.o(.text)
    __user_libspace                          0x08001511   Thumb Code     8  libspace.o(.text)
    __user_perproc_libspace                  0x08001511   Thumb Code     0  libspace.o(.text)
    __user_perthread_libspace                0x08001511   Thumb Code     0  libspace.o(.text)
    strcmp                                   0x08001519   Thumb Code   124  strcmpv7em.o(.text)
    _sys_exit                                0x08001595   Thumb Code     8  sys_exit.o(.text)
    __I$use$semihosting                      0x080015a1   Thumb Code     0  use_no_semi.o(.text)
    __use_no_semihosting_swi                 0x080015a1   Thumb Code     2  use_no_semi.o(.text)
    __semihosting_library_function           0x080015a3   Thumb Code     0  indicate_semi.o(.text)
    ADC_ConversionStop                       0x080015a5   Thumb Code   400  stm32l4xx_hal_adc.o(.text.ADC_ConversionStop)
    ADC_Enable                               0x08001735   Thumb Code   246  stm32l4xx_hal_adc.o(.text.ADC_Enable)
    BusFault_Handler                         0x0800182d   Thumb Code     2  stm32l4xx_it.o(.text.BusFault_Handler)
    DebugMon_Handler                         0x08001831   Thumb Code     2  stm32l4xx_it.o(.text.DebugMon_Handler)
    Error_Handler                            0x08001835   Thumb Code    10  main.o(.text.Error_Handler)
    HAL_ADCEx_MultiModeConfigChannel         0x08001841   Thumb Code   200  stm32l4xx_hal_adc_ex.o(.text.HAL_ADCEx_MultiModeConfigChannel)
    HAL_ADC_ConfigChannel                    0x08001909   Thumb Code   860  stm32l4xx_hal_adc.o(.text.HAL_ADC_ConfigChannel)
    HAL_ADC_GetValue                         0x08001c75   Thumb Code     6  stm32l4xx_hal_adc.o(.text.HAL_ADC_GetValue)
    HAL_ADC_Init                             0x08001c7d   Thumb Code   532  stm32l4xx_hal_adc.o(.text.HAL_ADC_Init)
    HAL_ADC_MspInit                          0x08001e91   Thumb Code   160  stm32l4xx_hal_msp.o(.text.HAL_ADC_MspInit)
    HAL_ADC_PollForConversion                0x08001f31   Thumb Code   338  stm32l4xx_hal_adc.o(.text.HAL_ADC_PollForConversion)
    HAL_ADC_Start                            0x08002085   Thumb Code   228  stm32l4xx_hal_adc.o(.text.HAL_ADC_Start)
    HAL_ADC_Stop                             0x08002169   Thumb Code   180  stm32l4xx_hal_adc.o(.text.HAL_ADC_Stop)
    HAL_GPIO_Init                            0x0800221d   Thumb Code   458  stm32l4xx_hal_gpio.o(.text.HAL_GPIO_Init)
    HAL_GPIO_ReadPin                         0x080023ed   Thumb Code    10  stm32l4xx_hal_gpio.o(.text.HAL_GPIO_ReadPin)
    HAL_GPIO_WritePin                        0x080023f9   Thumb Code    12  stm32l4xx_hal_gpio.o(.text.HAL_GPIO_WritePin)
    HAL_GetTick                              0x08002405   Thumb Code    12  stm32l4xx_hal.o(.text.HAL_GetTick)
    HAL_IncTick                              0x08002411   Thumb Code    26  stm32l4xx_hal.o(.text.HAL_IncTick)
    HAL_Init                                 0x0800242d   Thumb Code    46  stm32l4xx_hal.o(.text.HAL_Init)
    HAL_InitTick                             0x0800245d   Thumb Code    76  stm32l4xx_hal.o(.text.HAL_InitTick)
    HAL_MspInit                              0x080024a9   Thumb Code    50  stm32l4xx_hal_msp.o(.text.HAL_MspInit)
    HAL_NVIC_SetPriority                     0x080024dd   Thumb Code    86  stm32l4xx_hal_cortex.o(.text.HAL_NVIC_SetPriority)
    HAL_NVIC_SetPriorityGrouping             0x08002535   Thumb Code    32  stm32l4xx_hal_cortex.o(.text.HAL_NVIC_SetPriorityGrouping)
    HAL_PWREx_ControlVoltageScaling          0x08002555   Thumb Code   140  stm32l4xx_hal_pwr_ex.o(.text.HAL_PWREx_ControlVoltageScaling)
    HAL_PWREx_GetVoltageRange                0x080025e1   Thumb Code    16  stm32l4xx_hal_pwr_ex.o(.text.HAL_PWREx_GetVoltageRange)
    HAL_RCCEx_PeriphCLKConfig                0x080025f1   Thumb Code   996  stm32l4xx_hal_rcc_ex.o(.text.HAL_RCCEx_PeriphCLKConfig)
    HAL_RCC_ClockConfig                      0x080029d5   Thumb Code   634  stm32l4xx_hal_rcc.o(.text.HAL_RCC_ClockConfig)
    HAL_RCC_GetPCLK1Freq                     0x08002c51   Thumb Code    42  stm32l4xx_hal_rcc.o(.text.HAL_RCC_GetPCLK1Freq)
    HAL_RCC_GetPCLK2Freq                     0x08002c7d   Thumb Code    42  stm32l4xx_hal_rcc.o(.text.HAL_RCC_GetPCLK2Freq)
    HAL_RCC_GetSysClockFreq                  0x08002ca9   Thumb Code   194  stm32l4xx_hal_rcc.o(.text.HAL_RCC_GetSysClockFreq)
    HAL_RCC_OscConfig                        0x08002d6d   Thumb Code  1936  stm32l4xx_hal_rcc.o(.text.HAL_RCC_OscConfig)
    HAL_SYSTICK_Config                       0x080034fd   Thumb Code    44  stm32l4xx_hal_cortex.o(.text.HAL_SYSTICK_Config)
    HAL_UART_Init                            0x08003529   Thumb Code    96  stm32l4xx_hal_uart.o(.text.HAL_UART_Init)
    HAL_UART_MspInit                         0x08003589   Thumb Code   130  stm32l4xx_hal_msp.o(.text.HAL_UART_MspInit)
    HAL_UART_Transmit                        0x0800360d   Thumb Code   398  stm32l4xx_hal_uart.o(.text.HAL_UART_Transmit)
    HardFault_Handler                        0x0800379d   Thumb Code     2  stm32l4xx_it.o(.text.HardFault_Handler)
    MemManage_Handler                        0x080037a1   Thumb Code     2  stm32l4xx_it.o(.text.MemManage_Handler)
    NMI_Handler                              0x080037a5   Thumb Code     2  stm32l4xx_it.o(.text.NMI_Handler)
    PendSV_Handler                           0x080037a9   Thumb Code     2  stm32l4xx_it.o(.text.PendSV_Handler)
    SVC_Handler                              0x08003a1d   Thumb Code     2  stm32l4xx_it.o(.text.SVC_Handler)
    SysTick_Handler                          0x08003a21   Thumb Code     4  stm32l4xx_it.o(.text.SysTick_Handler)
    SystemInit                               0x08003a25   Thumb Code    18  system_stm32l4xx.o(.text.SystemInit)
    UART_AdvFeatureConfig                    0x08003a39   Thumb Code   234  stm32l4xx_hal_uart.o(.text.UART_AdvFeatureConfig)
    UART_CheckIdleState                      0x08003b25   Thumb Code   360  stm32l4xx_hal_uart.o(.text.UART_CheckIdleState)
    UART_SetConfig                           0x08003c8d   Thumb Code   580  stm32l4xx_hal_uart.o(.text.UART_SetConfig)
    UART_WaitOnFlagUntilTimeout              0x08003ee1   Thumb Code   832  stm32l4xx_hal_uart.o(.text.UART_WaitOnFlagUntilTimeout)
    UsageFault_Handler                       0x08004221   Thumb Code     2  stm32l4xx_it.o(.text.UsageFault_Handler)
    main                                     0x08004225   Thumb Code   768  main.o(.text.main)
    uart_printf                              0x080045c1   Thumb Code    68  main.o(.text.uart_printf)
    _btod_d2e                                0x08004605   Thumb Code    62  btod.o(CL$$btod_d2e)
    _d2e_denorm_low                          0x08004643   Thumb Code    70  btod.o(CL$$btod_d2e_denorm_low)
    _d2e_norm_op1                            0x08004689   Thumb Code    96  btod.o(CL$$btod_d2e_norm_op1)
    __btod_div_common                        0x080046e9   Thumb Code   696  btod.o(CL$$btod_div_common)
    _e2e                                     0x08004a21   Thumb Code   220  btod.o(CL$$btod_e2e)
    _btod_ediv                               0x08004afd   Thumb Code    42  btod.o(CL$$btod_ediv)
    _btod_emul                               0x08004b27   Thumb Code    42  btod.o(CL$$btod_emul)
    __btod_mult_common                       0x08004b51   Thumb Code   580  btod.o(CL$$btod_mult_common)
    __ARM_fpclassify                         0x08004d95   Thumb Code    48  fpclassify.o(i.__ARM_fpclassify)
    _is_digit                                0x08004dc5   Thumb Code    14  __printf_wp.o(i._is_digit)
    _get_lc_numeric                          0x08004dd5   Thumb Code    44  lc_numeric_c.o(locale$$code)
    _get_lc_ctype                            0x08004e01   Thumb Code    44  lc_ctype_c.o(locale$$code)
    __fpl_dretinf                            0x08004e2d   Thumb Code    12  dretinf.o(x$fpl$dretinf)
    __aeabi_f2d                              0x08004e39   Thumb Code     0  f2d.o(x$fpl$f2d)
    _f2d                                     0x08004e39   Thumb Code    86  f2d.o(x$fpl$f2d)
    __fpl_fnaninf                            0x08004e8f   Thumb Code   140  fnaninf.o(x$fpl$fnaninf)
    _fp_init                                 0x08004f1b   Thumb Code    26  fpinit.o(x$fpl$fpinit)
    __fplib_config_fpu_vfp                   0x08004f33   Thumb Code     0  fpinit.o(x$fpl$fpinit)
    __fplib_config_pureend_doubles           0x08004f33   Thumb Code     0  fpinit.o(x$fpl$fpinit)
    _printf_fp_dec                           0x08004f35   Thumb Code     4  printf1.o(x$fpl$printf1)
    _printf_fp_hex                           0x08004f39   Thumb Code     4  printf2.o(x$fpl$printf2)
    __I$use$fp                               0x08004f3c   Number         0  usenofp.o(x$fpl$usenofp)
    AHBPrescTable                            0x08005038   Data          16  system_stm32l4xx.o(.rodata.AHBPrescTable)
    APBPrescTable                            0x08005048   Data           8  system_stm32l4xx.o(.rodata.APBPrescTable)
    MSIRangeTable                            0x08005050   Data          48  system_stm32l4xx.o(.rodata.MSIRangeTable)
    Region$$Table$$Base                      0x08005090   Number         0  anon$$obj.o(Region$$Table)
    Region$$Table$$Limit                     0x080050b0   Number         0  anon$$obj.o(Region$$Table)
    __ctype                                  0x080050d9   Data           0  lc_ctype_c.o(locale$$data)
    uwTickFreq                               0x20000000   Data           1  stm32l4xx_hal.o(.data..L_MergedGlobals)
    uwTickPrio                               0x20000004   Data           4  stm32l4xx_hal.o(.data..L_MergedGlobals)
    SystemCoreClock                          0x20000008   Data           4  system_stm32l4xx.o(.data.SystemCoreClock)
    lastButtonState                          0x2000000c   Data           1  main.o(.data.lastButtonState)
    __libspace_start                         0x20000010   Data          96  libspace.o(.bss)
    __temporary_stack_top$libspace           0x20000070   Data           0  libspace.o(.bss)
    ledState                                 0x20000070   Data           1  main.o(.bss..L_MergedGlobals)
    hadc1                                    0x20000078   Data         100  main.o(.bss..L_MergedGlobals)
    huart2                                   0x200000dc   Data         136  main.o(.bss.huart2)
    uwTick                                   0x20000164   Data           4  stm32l4xx_hal.o(.bss.uwTick)



==============================================================================

Memory Map of the image

  Image Entry point : 0x08000189

  Load Region LR_IROM1 (Base: 0x08000000, Size: 0x000051f0, Max: 0x00100000, ABSOLUTE)

    Execution Region ER_IROM1 (Exec base: 0x08000000, Load base: 0x08000000, Size: 0x000051dc, Max: 0x00100000, ABSOLUTE)

    Exec Addr    Load Addr    Size         Type   Attr      Idx    E Section Name        Object

    0x08000000   0x08000000   0x00000188   Data   RO            3    RESET               startup_stm32l476xx.o
    0x08000188   0x08000188   0x00000008   Code   RO          891  * !!!main             c_w.l(__main.o)
    0x08000190   0x08000190   0x0000005c   Code   RO         1244    !!!scatter          c_w.l(__scatter.o)
    0x080001ec   0x080001ec   0x0000001a   Code   RO         1248    !!handler_copy      c_w.l(__scatter_copy.o)
    0x08000206   0x08000206   0x00000002   PAD
    0x08000208   0x08000208   0x00000002   Code   RO         1245    !!handler_null      c_w.l(__scatter.o)
    0x0800020a   0x0800020a   0x00000002   PAD
    0x0800020c   0x0800020c   0x0000001c   Code   RO         1250    !!handler_zi        c_w.l(__scatter_zi.o)
    0x08000228   0x08000228   0x00000000   Code   RO          981    .ARM.Collect$$_printf_percent$$00000000  c_w.l(_printf_percent.o)
    0x08000228   0x08000228   0x00000006   Code   RO          970    .ARM.Collect$$_printf_percent$$00000001  c_w.l(_printf_n.o)
    0x0800022e   0x0800022e   0x00000006   Code   RO          972    .ARM.Collect$$_printf_percent$$00000002  c_w.l(_printf_p.o)
    0x08000234   0x08000234   0x00000006   Code   RO          977    .ARM.Collect$$_printf_percent$$00000003  c_w.l(_printf_f.o)
    0x0800023a   0x0800023a   0x00000006   Code   RO          978    .ARM.Collect$$_printf_percent$$00000004  c_w.l(_printf_e.o)
    0x08000240   0x08000240   0x00000006   Code   RO          979    .ARM.Collect$$_printf_percent$$00000005  c_w.l(_printf_g.o)
    0x08000246   0x08000246   0x00000006   Code   RO          980    .ARM.Collect$$_printf_percent$$00000006  c_w.l(_printf_a.o)
    0x0800024c   0x0800024c   0x0000000a   Code   RO          985    .ARM.Collect$$_printf_percent$$00000007  c_w.l(_printf_ll.o)
    0x08000256   0x08000256   0x00000006   Code   RO          974    .ARM.Collect$$_printf_percent$$00000008  c_w.l(_printf_i.o)
    0x0800025c   0x0800025c   0x00000006   Code   RO          975    .ARM.Collect$$_printf_percent$$00000009  c_w.l(_printf_d.o)
    0x08000262   0x08000262   0x00000006   Code   RO          976    .ARM.Collect$$_printf_percent$$0000000A  c_w.l(_printf_u.o)
    0x08000268   0x08000268   0x00000006   Code   RO          973    .ARM.Collect$$_printf_percent$$0000000B  c_w.l(_printf_o.o)
    0x0800026e   0x0800026e   0x00000006   Code   RO          971    .ARM.Collect$$_printf_percent$$0000000C  c_w.l(_printf_x.o)
    0x08000274   0x08000274   0x00000006   Code   RO          982    .ARM.Collect$$_printf_percent$$0000000D  c_w.l(_printf_lli.o)
    0x0800027a   0x0800027a   0x00000006   Code   RO          983    .ARM.Collect$$_printf_percent$$0000000E  c_w.l(_printf_lld.o)
    0x08000280   0x08000280   0x00000006   Code   RO          984    .ARM.Collect$$_printf_percent$$0000000F  c_w.l(_printf_llu.o)
    0x08000286   0x08000286   0x00000006   Code   RO          989    .ARM.Collect$$_printf_percent$$00000010  c_w.l(_printf_llo.o)
    0x0800028c   0x0800028c   0x00000006   Code   RO          990    .ARM.Collect$$_printf_percent$$00000011  c_w.l(_printf_llx.o)
    0x08000292   0x08000292   0x0000000a   Code   RO          986    .ARM.Collect$$_printf_percent$$00000012  c_w.l(_printf_l.o)
    0x0800029c   0x0800029c   0x00000006   Code   RO          968    .ARM.Collect$$_printf_percent$$00000013  c_w.l(_printf_c.o)
    0x080002a2   0x080002a2   0x00000006   Code   RO          969    .ARM.Collect$$_printf_percent$$00000014  c_w.l(_printf_s.o)
    0x080002a8   0x080002a8   0x00000006   Code   RO          987    .ARM.Collect$$_printf_percent$$00000015  c_w.l(_printf_lc.o)
    0x080002ae   0x080002ae   0x00000006   Code   RO          988    .ARM.Collect$$_printf_percent$$00000016  c_w.l(_printf_ls.o)
    0x080002b4   0x080002b4   0x00000004   Code   RO         1038    .ARM.Collect$$_printf_percent$$00000017  c_w.l(_printf_percent_end.o)
    0x080002b8   0x080002b8   0x00000002   Code   RO         1093    .ARM.Collect$$libinit$$00000000  c_w.l(libinit.o)
    0x080002ba   0x080002ba   0x00000004   Code   RO         1116    .ARM.Collect$$libinit$$00000001  c_w.l(libinit2.o)
    0x080002be   0x080002be   0x00000000   Code   RO         1119    .ARM.Collect$$libinit$$00000004  c_w.l(libinit2.o)
    0x080002be   0x080002be   0x00000000   Code   RO         1121    .ARM.Collect$$libinit$$00000006  c_w.l(libinit2.o)
    0x080002be   0x080002be   0x00000000   Code   RO         1124    .ARM.Collect$$libinit$$0000000C  c_w.l(libinit2.o)
    0x080002be   0x080002be   0x00000000   Code   RO         1126    .ARM.Collect$$libinit$$0000000E  c_w.l(libinit2.o)
    0x080002be   0x080002be   0x00000000   Code   RO         1128    .ARM.Collect$$libinit$$00000010  c_w.l(libinit2.o)
    0x080002be   0x080002be   0x00000006   Code   RO         1129    .ARM.Collect$$libinit$$00000011  c_w.l(libinit2.o)
    0x080002c4   0x080002c4   0x00000000   Code   RO         1131    .ARM.Collect$$libinit$$00000013  c_w.l(libinit2.o)
    0x080002c4   0x080002c4   0x0000000c   Code   RO         1132    .ARM.Collect$$libinit$$00000014  c_w.l(libinit2.o)
    0x080002d0   0x080002d0   0x00000000   Code   RO         1133    .ARM.Collect$$libinit$$00000015  c_w.l(libinit2.o)
    0x080002d0   0x080002d0   0x00000000   Code   RO         1135    .ARM.Collect$$libinit$$00000017  c_w.l(libinit2.o)
    0x080002d0   0x080002d0   0x0000000a   Code   RO         1136    .ARM.Collect$$libinit$$00000018  c_w.l(libinit2.o)
    0x080002da   0x080002da   0x00000000   Code   RO         1137    .ARM.Collect$$libinit$$00000019  c_w.l(libinit2.o)
    0x080002da   0x080002da   0x00000000   Code   RO         1139    .ARM.Collect$$libinit$$0000001B  c_w.l(libinit2.o)
    0x080002da   0x080002da   0x00000000   Code   RO         1141    .ARM.Collect$$libinit$$0000001D  c_w.l(libinit2.o)
    0x080002da   0x080002da   0x00000000   Code   RO         1143    .ARM.Collect$$libinit$$0000001F  c_w.l(libinit2.o)
    0x080002da   0x080002da   0x00000000   Code   RO         1145    .ARM.Collect$$libinit$$00000021  c_w.l(libinit2.o)
    0x080002da   0x080002da   0x00000000   Code   RO         1147    .ARM.Collect$$libinit$$00000023  c_w.l(libinit2.o)
    0x080002da   0x080002da   0x00000000   Code   RO         1149    .ARM.Collect$$libinit$$00000025  c_w.l(libinit2.o)
    0x080002da   0x080002da   0x00000000   Code   RO         1151    .ARM.Collect$$libinit$$00000027  c_w.l(libinit2.o)
    0x080002da   0x080002da   0x00000000   Code   RO         1155    .ARM.Collect$$libinit$$0000002E  c_w.l(libinit2.o)
    0x080002da   0x080002da   0x00000000   Code   RO         1157    .ARM.Collect$$libinit$$00000030  c_w.l(libinit2.o)
    0x080002da   0x080002da   0x00000000   Code   RO         1159    .ARM.Collect$$libinit$$00000032  c_w.l(libinit2.o)
    0x080002da   0x080002da   0x00000000   Code   RO         1161    .ARM.Collect$$libinit$$00000034  c_w.l(libinit2.o)
    0x080002da   0x080002da   0x00000002   Code   RO         1162    .ARM.Collect$$libinit$$00000035  c_w.l(libinit2.o)
    0x080002dc   0x080002dc   0x00000002   Code   RO         1199    .ARM.Collect$$libshutdown$$00000000  c_w.l(libshutdown.o)
    0x080002de   0x080002de   0x00000000   Code   RO         1227    .ARM.Collect$$libshutdown$$00000002  c_w.l(libshutdown2.o)
    0x080002de   0x080002de   0x00000000   Code   RO         1229    .ARM.Collect$$libshutdown$$00000004  c_w.l(libshutdown2.o)
    0x080002de   0x080002de   0x00000000   Code   RO         1232    .ARM.Collect$$libshutdown$$00000007  c_w.l(libshutdown2.o)
    0x080002de   0x080002de   0x00000000   Code   RO         1235    .ARM.Collect$$libshutdown$$0000000A  c_w.l(libshutdown2.o)
    0x080002de   0x080002de   0x00000000   Code   RO         1237    .ARM.Collect$$libshutdown$$0000000C  c_w.l(libshutdown2.o)
    0x080002de   0x080002de   0x00000000   Code   RO         1240    .ARM.Collect$$libshutdown$$0000000F  c_w.l(libshutdown2.o)
    0x080002de   0x080002de   0x00000002   Code   RO         1241    .ARM.Collect$$libshutdown$$00000010  c_w.l(libshutdown2.o)
    0x080002e0   0x080002e0   0x00000000   Code   RO          895    .ARM.Collect$$rtentry$$00000000  c_w.l(__rtentry.o)
    0x080002e0   0x080002e0   0x00000000   Code   RO         1005    .ARM.Collect$$rtentry$$00000002  c_w.l(__rtentry2.o)
    0x080002e0   0x080002e0   0x00000006   Code   RO         1017    .ARM.Collect$$rtentry$$00000004  c_w.l(__rtentry4.o)
    0x080002e6   0x080002e6   0x00000000   Code   RO         1007    .ARM.Collect$$rtentry$$00000009  c_w.l(__rtentry2.o)
    0x080002e6   0x080002e6   0x00000004   Code   RO         1008    .ARM.Collect$$rtentry$$0000000A  c_w.l(__rtentry2.o)
    0x080002ea   0x080002ea   0x00000000   Code   RO         1010    .ARM.Collect$$rtentry$$0000000C  c_w.l(__rtentry2.o)
    0x080002ea   0x080002ea   0x00000008   Code   RO         1011    .ARM.Collect$$rtentry$$0000000D  c_w.l(__rtentry2.o)
    0x080002f2   0x080002f2   0x00000002   Code   RO         1101    .ARM.Collect$$rtexit$$00000000  c_w.l(rtexit.o)
    0x080002f4   0x080002f4   0x00000000   Code   RO         1168    .ARM.Collect$$rtexit$$00000002  c_w.l(rtexit2.o)
    0x080002f4   0x080002f4   0x00000004   Code   RO         1169    .ARM.Collect$$rtexit$$00000003  c_w.l(rtexit2.o)
    0x080002f8   0x080002f8   0x00000006   Code   RO         1170    .ARM.Collect$$rtexit$$00000004  c_w.l(rtexit2.o)
    0x080002fe   0x080002fe   0x00000002   PAD
    0x08000300   0x08000300   0x00000040   Code   RO            4    .text               startup_stm32l476xx.o
    0x08000340   0x08000340   0x000000f0   Code   RO          883    .text               c_w.l(lludivv7m.o)
    0x08000430   0x08000430   0x0000003c   Code   RO          885    .text               c_w.l(vsnprintf.o)
    0x0800046c   0x0800046c   0x0000004e   Code   RO          887    .text               c_w.l(rt_memclr_w.o)
    0x080004ba   0x080004ba   0x00000006   Code   RO          889    .text               c_w.l(heapauxi.o)
    0x080004c0   0x080004c0   0x0000004e   Code   RO          902    .text               c_w.l(_printf_pad.o)
    0x0800050e   0x0800050e   0x00000024   Code   RO          904    .text               c_w.l(_printf_truncate.o)
    0x08000532   0x08000532   0x00000052   Code   RO          906    .text               c_w.l(_printf_str.o)
    0x08000584   0x08000584   0x00000078   Code   RO          908    .text               c_w.l(_printf_dec.o)
    0x080005fc   0x080005fc   0x00000028   Code   RO          910    .text               c_w.l(_printf_charcount.o)
    0x08000624   0x08000624   0x00000030   Code   RO          912    .text               c_w.l(_printf_char_common.o)
    0x08000654   0x08000654   0x00000010   Code   RO          914    .text               c_w.l(_snputc.o)
    0x08000664   0x08000664   0x000000c2   Code   RO          916    .text               c_w.l(_printf_wctomb.o)
    0x08000726   0x08000726   0x00000002   PAD
    0x08000728   0x08000728   0x0000007c   Code   RO          919    .text               c_w.l(_printf_longlong_dec.o)
    0x080007a4   0x080007a4   0x00000070   Code   RO          925    .text               c_w.l(_printf_oct_int_ll.o)
    0x08000814   0x08000814   0x00000094   Code   RO          945    .text               c_w.l(_printf_hex_int_ll_ptr.o)
    0x080008a8   0x080008a8   0x0000018e   Code   RO          965    .text               c_w.l(__printf_flags_ss_wp.o)
    0x08000a36   0x08000a36   0x0000008a   Code   RO         1021    .text               c_w.l(lludiv10.o)
    0x08000ac0   0x08000ac0   0x000000b2   Code   RO         1023    .text               c_w.l(_printf_intcommon.o)
    0x08000b72   0x08000b72   0x00000422   Code   RO         1025    .text               c_w.l(_printf_fp_dec.o)
    0x08000f94   0x08000f94   0x00000302   Code   RO         1029    .text               c_w.l(_printf_fp_hex.o)
    0x08001296   0x08001296   0x0000002c   Code   RO         1034    .text               c_w.l(_printf_char.o)
    0x080012c2   0x080012c2   0x0000002c   Code   RO         1036    .text               c_w.l(_printf_wchar.o)
    0x080012ee   0x080012ee   0x00000048   Code   RO         1039    .text               c_w.l(_c16rtomb.o)
    0x08001336   0x08001336   0x0000004a   Code   RO         1041    .text               c_w.l(sys_stackheap_outer.o)
    0x08001380   0x08001380   0x00000010   Code   RO         1043    .text               c_w.l(rt_ctype_table.o)
    0x08001390   0x08001390   0x00000008   Code   RO         1048    .text               c_w.l(rt_locale_intlibspace.o)
    0x08001398   0x08001398   0x00000080   Code   RO         1050    .text               c_w.l(_printf_fp_infnan.o)
    0x08001418   0x08001418   0x000000e4   Code   RO         1052    .text               c_w.l(bigflt0.o)
    0x080014fc   0x080014fc   0x00000012   Code   RO         1082    .text               c_w.l(exit.o)
    0x0800150e   0x0800150e   0x00000002   PAD
    0x08001510   0x08001510   0x00000008   Code   RO         1098    .text               c_w.l(libspace.o)
    0x08001518   0x08001518   0x0000007c   Code   RO         1114    .text               c_w.l(strcmpv7em.o)
    0x08001594   0x08001594   0x0000000c   Code   RO         1163    .text               c_w.l(sys_exit.o)
    0x080015a0   0x080015a0   0x00000002   Code   RO         1188    .text               c_w.l(use_no_semi.o)
    0x080015a2   0x080015a2   0x00000000   Code   RO         1190    .text               c_w.l(indicate_semi.o)
    0x080015a2   0x080015a2   0x00000002   PAD
    0x080015a4   0x080015a4   0x00000190   Code   RO           84    .text.ADC_ConversionStop  stm32l4xx_hal_adc.o
    0x08001734   0x08001734   0x000000f6   Code   RO           92    .text.ADC_Enable    stm32l4xx_hal_adc.o
    0x0800182a   0x0800182a   0x00000002   PAD
    0x0800182c   0x0800182c   0x00000002   Code   RO           41    .text.BusFault_Handler  stm32l4xx_it.o
    0x0800182e   0x0800182e   0x00000002   PAD
    0x08001830   0x08001830   0x00000002   Code   RO           47    .text.DebugMon_Handler  stm32l4xx_it.o
    0x08001832   0x08001832   0x00000002   PAD
    0x08001834   0x08001834   0x0000000a   Code   RO           19    .text.Error_Handler  main.o
    0x0800183e   0x0800183e   0x00000002   PAD
    0x08001840   0x08001840   0x000000c8   Code   RO          186    .text.HAL_ADCEx_MultiModeConfigChannel  stm32l4xx_hal_adc_ex.o
    0x08001908   0x08001908   0x0000036c   Code   RO          126    .text.HAL_ADC_ConfigChannel  stm32l4xx_hal_adc.o
    0x08001c74   0x08001c74   0x00000006   Code   RO          114    .text.HAL_ADC_GetValue  stm32l4xx_hal_adc.o
    0x08001c7a   0x08001c7a   0x00000002   PAD
    0x08001c7c   0x08001c7c   0x00000214   Code   RO           78    .text.HAL_ADC_Init  stm32l4xx_hal_adc.o
    0x08001e90   0x08001e90   0x000000a0   Code   RO           62    .text.HAL_ADC_MspInit  stm32l4xx_hal_msp.o
    0x08001f30   0x08001f30   0x00000152   Code   RO           96    .text.HAL_ADC_PollForConversion  stm32l4xx_hal_adc.o
    0x08002082   0x08002082   0x00000002   PAD
    0x08002084   0x08002084   0x000000e4   Code   RO           90    .text.HAL_ADC_Start  stm32l4xx_hal_adc.o
    0x08002168   0x08002168   0x000000b4   Code   RO           94    .text.HAL_ADC_Stop  stm32l4xx_hal_adc.o
    0x0800221c   0x0800221c   0x000001d0   Code   RO          434    .text.HAL_GPIO_Init  stm32l4xx_hal_gpio.o
    0x080023ec   0x080023ec   0x0000000a   Code   RO          438    .text.HAL_GPIO_ReadPin  stm32l4xx_hal_gpio.o
    0x080023f6   0x080023f6   0x00000002   PAD
    0x080023f8   0x080023f8   0x0000000c   Code   RO          440    .text.HAL_GPIO_WritePin  stm32l4xx_hal_gpio.o
    0x08002404   0x08002404   0x0000000c   Code   RO          216    .text.HAL_GetTick   stm32l4xx_hal.o
    0x08002410   0x08002410   0x0000001a   Code   RO          214    .text.HAL_IncTick   stm32l4xx_hal.o
    0x0800242a   0x0800242a   0x00000002   PAD
    0x0800242c   0x0800242c   0x0000002e   Code   RO          204    .text.HAL_Init      stm32l4xx_hal.o
    0x0800245a   0x0800245a   0x00000002   PAD
    0x0800245c   0x0800245c   0x0000004c   Code   RO          206    .text.HAL_InitTick  stm32l4xx_hal.o
    0x080024a8   0x080024a8   0x00000032   Code   RO           60    .text.HAL_MspInit   stm32l4xx_hal_msp.o
    0x080024da   0x080024da   0x00000002   PAD
    0x080024dc   0x080024dc   0x00000056   Code   RO          625    .text.HAL_NVIC_SetPriority  stm32l4xx_hal_cortex.o
    0x08002532   0x08002532   0x00000002   PAD
    0x08002534   0x08002534   0x00000020   Code   RO          623    .text.HAL_NVIC_SetPriorityGrouping  stm32l4xx_hal_cortex.o
    0x08002554   0x08002554   0x0000008c   Code   RO          535    .text.HAL_PWREx_ControlVoltageScaling  stm32l4xx_hal_pwr_ex.o
    0x080025e0   0x080025e0   0x00000010   Code   RO          533    .text.HAL_PWREx_GetVoltageRange  stm32l4xx_hal_pwr_ex.o
    0x080025f0   0x080025f0   0x000003e4   Code   RO          320    .text.HAL_RCCEx_PeriphCLKConfig  stm32l4xx_hal_rcc_ex.o
    0x080029d4   0x080029d4   0x0000027a   Code   RO          290    .text.HAL_RCC_ClockConfig  stm32l4xx_hal_rcc.o
    0x08002c4e   0x08002c4e   0x00000002   PAD
    0x08002c50   0x08002c50   0x0000002a   Code   RO          296    .text.HAL_RCC_GetPCLK1Freq  stm32l4xx_hal_rcc.o
    0x08002c7a   0x08002c7a   0x00000002   PAD
    0x08002c7c   0x08002c7c   0x0000002a   Code   RO          298    .text.HAL_RCC_GetPCLK2Freq  stm32l4xx_hal_rcc.o
    0x08002ca6   0x08002ca6   0x00000002   PAD
    0x08002ca8   0x08002ca8   0x000000c2   Code   RO          288    .text.HAL_RCC_GetSysClockFreq  stm32l4xx_hal_rcc.o
    0x08002d6a   0x08002d6a   0x00000002   PAD
    0x08002d6c   0x08002d6c   0x00000790   Code   RO          286    .text.HAL_RCC_OscConfig  stm32l4xx_hal_rcc.o
    0x080034fc   0x080034fc   0x0000002c   Code   RO          635    .text.HAL_SYSTICK_Config  stm32l4xx_hal_cortex.o
    0x08003528   0x08003528   0x00000060   Code   RO          699    .text.HAL_UART_Init  stm32l4xx_hal_uart.o
    0x08003588   0x08003588   0x00000082   Code   RO           66    .text.HAL_UART_MspInit  stm32l4xx_hal_msp.o
    0x0800360a   0x0800360a   0x00000002   PAD
    0x0800360c   0x0800360c   0x0000018e   Code   RO          719    .text.HAL_UART_Transmit  stm32l4xx_hal_uart.o
    0x0800379a   0x0800379a   0x00000002   PAD
    0x0800379c   0x0800379c   0x00000002   Code   RO           37    .text.HardFault_Handler  stm32l4xx_it.o
    0x0800379e   0x0800379e   0x00000002   PAD
    0x080037a0   0x080037a0   0x00000002   Code   RO           39    .text.MemManage_Handler  stm32l4xx_it.o
    0x080037a2   0x080037a2   0x00000002   PAD
    0x080037a4   0x080037a4   0x00000002   Code   RO           35    .text.NMI_Handler   stm32l4xx_it.o
    0x080037a6   0x080037a6   0x00000002   PAD
    0x080037a8   0x080037a8   0x00000002   Code   RO           49    .text.PendSV_Handler  stm32l4xx_it.o
    0x080037aa   0x080037aa   0x00000002   PAD
    0x080037ac   0x080037ac   0x0000014e   Code   RO          322    .text.RCCEx_PLLSAI1_Config  stm32l4xx_hal_rcc_ex.o
    0x080038fa   0x080038fa   0x00000002   PAD
    0x080038fc   0x080038fc   0x0000011e   Code   RO          324    .text.RCCEx_PLLSAI2_Config  stm32l4xx_hal_rcc_ex.o
    0x08003a1a   0x08003a1a   0x00000002   PAD
    0x08003a1c   0x08003a1c   0x00000002   Code   RO           45    .text.SVC_Handler   stm32l4xx_it.o
    0x08003a1e   0x08003a1e   0x00000002   PAD
    0x08003a20   0x08003a20   0x00000004   Code   RO           51    .text.SysTick_Handler  stm32l4xx_it.o
    0x08003a24   0x08003a24   0x00000012   Code   RO          866    .text.SystemInit    system_stm32l4xx.o
    0x08003a36   0x08003a36   0x00000002   PAD
    0x08003a38   0x08003a38   0x000000ea   Code   RO          703    .text.UART_AdvFeatureConfig  stm32l4xx_hal_uart.o
    0x08003b22   0x08003b22   0x00000002   PAD
    0x08003b24   0x08003b24   0x00000168   Code   RO          707    .text.UART_CheckIdleState  stm32l4xx_hal_uart.o
    0x08003c8c   0x08003c8c   0x00000254   Code   RO          705    .text.UART_SetConfig  stm32l4xx_hal_uart.o
    0x08003ee0   0x08003ee0   0x00000340   Code   RO          721    .text.UART_WaitOnFlagUntilTimeout  stm32l4xx_hal_uart.o
    0x08004220   0x08004220   0x00000002   Code   RO           43    .text.UsageFault_Handler  stm32l4xx_it.o
    0x08004222   0x08004222   0x00000002   PAD
    0x08004224   0x08004224   0x0000039c   Code   RO           15    .text.main          main.o
    0x080045c0   0x080045c0   0x00000044   Code   RO           11    .text.uart_printf   main.o
    0x08004604   0x08004604   0x0000003e   Code   RO         1055    CL$$btod_d2e        c_w.l(btod.o)
    0x08004642   0x08004642   0x00000046   Code   RO         1057    CL$$btod_d2e_denorm_low  c_w.l(btod.o)
    0x08004688   0x08004688   0x00000060   Code   RO         1056    CL$$btod_d2e_norm_op1  c_w.l(btod.o)
    0x080046e8   0x080046e8   0x00000338   Code   RO         1065    CL$$btod_div_common  c_w.l(btod.o)
    0x08004a20   0x08004a20   0x000000dc   Code   RO         1062    CL$$btod_e2e        c_w.l(btod.o)
    0x08004afc   0x08004afc   0x0000002a   Code   RO         1059    CL$$btod_ediv       c_w.l(btod.o)
    0x08004b26   0x08004b26   0x0000002a   Code   RO         1058    CL$$btod_emul       c_w.l(btod.o)
    0x08004b50   0x08004b50   0x00000244   Code   RO         1064    CL$$btod_mult_common  c_w.l(btod.o)
    0x08004d94   0x08004d94   0x00000030   Code   RO         1096    i.__ARM_fpclassify  m_wm.l(fpclassify.o)
    0x08004dc4   0x08004dc4   0x0000000e   Code   RO          958    i._is_digit         c_w.l(__printf_wp.o)
    0x08004dd2   0x08004dd2   0x00000002   PAD
    0x08004dd4   0x08004dd4   0x0000002c   Code   RO         1080    locale$$code        c_w.l(lc_numeric_c.o)
    0x08004e00   0x08004e00   0x0000002c   Code   RO         1108    locale$$code        c_w.l(lc_ctype_c.o)
    0x08004e2c   0x08004e2c   0x0000000c   Code   RO          991    x$fpl$dretinf       fz_wm.l(dretinf.o)
    0x08004e38   0x08004e38   0x00000056   Code   RO          893    x$fpl$f2d           fz_wm.l(f2d.o)
    0x08004e8e   0x08004e8e   0x0000008c   Code   RO          993    x$fpl$fnaninf       fz_wm.l(fnaninf.o)
    0x08004f1a   0x08004f1a   0x0000001a   Code   RO         1182    x$fpl$fpinit        fz_wm.l(fpinit.o)
    0x08004f34   0x08004f34   0x00000004   Code   RO          995    x$fpl$printf1       fz_wm.l(printf1.o)
    0x08004f38   0x08004f38   0x00000004   Code   RO          997    x$fpl$printf2       fz_wm.l(printf2.o)
    0x08004f3c   0x08004f3c   0x00000000   Code   RO         1003    x$fpl$usenofp       fz_wm.l(usenofp.o)
    0x08004f3c   0x08004f3c   0x00000008   Data   RO          917    .constdata          c_w.l(_printf_wctomb.o)
    0x08004f44   0x08004f44   0x00000028   Data   RO          946    .constdata          c_w.l(_printf_hex_int_ll_ptr.o)
    0x08004f6c   0x08004f6c   0x00000011   Data   RO          966    .constdata          c_w.l(__printf_flags_ss_wp.o)
    0x08004f7d   0x08004f7d   0x00000026   Data   RO         1030    .constdata          c_w.l(_printf_fp_hex.o)
    0x08004fa3   0x08004fa3   0x00000001   PAD
    0x08004fa4   0x08004fa4   0x00000094   Data   RO         1053    .constdata          c_w.l(bigflt0.o)
    0x08005038   0x08005038   0x00000010   Data   RO          871    .rodata.AHBPrescTable  system_stm32l4xx.o
    0x08005048   0x08005048   0x00000008   Data   RO          872    .rodata.APBPrescTable  system_stm32l4xx.o
    0x08005050   0x08005050   0x00000030   Data   RO          873    .rodata.MSIRangeTable  system_stm32l4xx.o
    0x08005080   0x08005080   0x00000010   Data   RO          825    .rodata.cst16       stm32l4xx_hal_uart.o
    0x08005090   0x08005090   0x00000020   Data   RO         1243    Region$$Table       anon$$obj.o
    0x080050b0   0x080050b0   0x0000001c   Data   RO         1079    locale$$data        c_w.l(lc_numeric_c.o)
    0x080050cc   0x080050cc   0x00000110   Data   RO         1107    locale$$data        c_w.l(lc_ctype_c.o)


    Execution Region RW_IRAM2 (Exec base: 0x10000000, Load base: 0x080051f0, Size: 0x00000000, Max: 0x00008000, ABSOLUTE)

    **** No section assigned to this execution region ****


    Execution Region RW_IRAM1 (Exec base: 0x20000000, Load base: 0x080051e0, Size: 0x00000768, Max: 0x00018000, ABSOLUTE)

    Exec Addr    Load Addr    Size         Type   Attr      Idx    E Section Name        Object

    0x20000000   0x080051e0   0x00000008   Data   RW          275    .data..L_MergedGlobals  stm32l4xx_hal.o
    0x20000008   0x080051e8   0x00000004   Data   RW          870    .data.SystemCoreClock  system_stm32l4xx.o
    0x2000000c   0x080051ec   0x00000001   Data   RW           21    .data.lastButtonState  main.o
    0x2000000d   0x080051ed   0x00000003   PAD
    0x20000010        -       0x00000060   Zero   RW         1099    .bss                c_w.l(libspace.o)
    0x20000070        -       0x0000006c   Zero   RW           26    .bss..L_MergedGlobals  main.o
    0x200000dc        -       0x00000088   Zero   RW           24    .bss.huart2         main.o
    0x20000164        -       0x00000004   Zero   RW          274    .bss.uwTick         stm32l4xx_hal.o
    0x20000168        -       0x00000200   Zero   RW            2    HEAP                startup_stm32l476xx.o
    0x20000368        -       0x00000400   Zero   RW            1    STACK               startup_stm32l476xx.o


==============================================================================

Image component sizes


      Code (inc. data)   RO Data    RW Data    ZI Data      Debug   Object Name

      1002        156          0          1        244      12850   main.o
        64         26        392          0       1536        904   startup_stm32l476xx.o
       160          0          0          8          4       9283   stm32l4xx_hal.o
      2806         16          0          0          0      27559   stm32l4xx_hal_adc.o
       200          0          0          0          0      21704   stm32l4xx_hal_adc_ex.o
       162          0          0          0          0      10709   stm32l4xx_hal_cortex.o
       486          0          0          0          0       5319   stm32l4xx_hal_gpio.o
       340          0          0          0          0       9627   stm32l4xx_hal_msp.o
       156          0          0          0          0       9959   stm32l4xx_hal_pwr_ex.o
      2848          0          0          0          0      12054   stm32l4xx_hal_rcc.o
      1616          8          0          0          0      14279   stm32l4xx_hal_rcc_ex.o
      2516         48         16          0          0      36192   stm32l4xx_hal_uart.o
        20          0          0          0          0       1200   stm32l4xx_it.o
        18          0         72          4          0       2994   system_stm32l4xx.o

    ----------------------------------------------------------------------
     12448        254        512         16       1784     174633   Object Totals
         0          0         32          0          0          0   (incl. Generated)
        54          0          0          3          0          0   (incl. Padding)

    ----------------------------------------------------------------------

      Code (inc. data)   RO Data    RW Data    ZI Data      Debug   Library Member Name

         8          0          0          0          0         68   __main.o
       398          4         17          0          0         92   __printf_flags_ss_wp.o
        14          0          0          0          0         68   __printf_wp.o
         0          0          0          0          0          0   __rtentry.o
        12          0          0          0          0          0   __rtentry2.o
         6          0          0          0          0          0   __rtentry4.o
        94          8          0          0          0          0   __scatter.o
        26          0          0          0          0          0   __scatter_copy.o
        28          0          0          0          0          0   __scatter_zi.o
        72          0          0          0          0         96   _c16rtomb.o
         6          0          0          0          0          0   _printf_a.o
         6          0          0          0          0          0   _printf_c.o
        44          0          0          0          0        108   _printf_char.o
        48          6          0          0          0         96   _printf_char_common.o
        40          0          0          0          0         68   _printf_charcount.o
         6          0          0          0          0          0   _printf_d.o
       120         16          0          0          0         92   _printf_dec.o
         6          0          0          0          0          0   _printf_e.o
         6          0          0          0          0          0   _printf_f.o
      1058          0          0          0          0        148   _printf_fp_dec.o
       770          8         38          0          0        100   _printf_fp_hex.o
       128         16          0          0          0         84   _printf_fp_infnan.o
         6          0          0          0          0          0   _printf_g.o
       148          4         40          0          0        160   _printf_hex_int_ll_ptr.o
         6          0          0          0          0          0   _printf_i.o
       178          0          0          0          0         88   _printf_intcommon.o
        10          0          0          0          0          0   _printf_l.o
         6          0          0          0          0          0   _printf_lc.o
        10          0          0          0          0          0   _printf_ll.o
         6          0          0          0          0          0   _printf_lld.o
         6          0          0          0          0          0   _printf_lli.o
         6          0          0          0          0          0   _printf_llo.o
         6          0          0          0          0          0   _printf_llu.o
         6          0          0          0          0          0   _printf_llx.o
       124         16          0          0          0         92   _printf_longlong_dec.o
         6          0          0          0          0          0   _printf_ls.o
         6          0          0          0          0          0   _printf_n.o
         6          0          0          0          0          0   _printf_o.o
       112          8          0          0          0        124   _printf_oct_int_ll.o
         6          0          0          0          0          0   _printf_p.o
        78          0          0          0          0        108   _printf_pad.o
         0          0          0          0          0          0   _printf_percent.o
         4          0          0          0          0          0   _printf_percent_end.o
         6          0          0          0          0          0   _printf_s.o
        82          0          0          0          0         80   _printf_str.o
        36          0          0          0          0         84   _printf_truncate.o
         6          0          0          0          0          0   _printf_u.o
        44          0          0          0          0        108   _printf_wchar.o
       194          6          8          0          0         92   _printf_wctomb.o
         6          0          0          0          0          0   _printf_x.o
        16          0          0          0          0         68   _snputc.o
       228          4        148          0          0         96   bigflt0.o
      1936        128          0          0          0        668   btod.o
        18          0          0          0          0         80   exit.o
         6          0          0          0          0        152   heapauxi.o
         0          0          0          0          0          0   indicate_semi.o
        44         10        272          0          0         76   lc_ctype_c.o
        44         10         28          0          0         76   lc_numeric_c.o
         2          0          0          0          0          0   libinit.o
        34          0          0          0          0          0   libinit2.o
         2          0          0          0          0          0   libshutdown.o
         2          0          0          0          0          0   libshutdown2.o
         8          4          0          0         96         68   libspace.o
       138          0          0          0          0         80   lludiv10.o
       240          0          0          0          0        100   lludivv7m.o
        16          4          0          0          0         76   rt_ctype_table.o
         8          4          0          0          0         68   rt_locale_intlibspace.o
        78          0          0          0          0         80   rt_memclr_w.o
         2          0          0          0          0          0   rtexit.o
        10          0          0          0          0          0   rtexit2.o
       124          0          0          0          0         88   strcmpv7em.o
        12          4          0          0          0         68   sys_exit.o
        74          0          0          0          0         80   sys_stackheap_outer.o
         2          0          0          0          0         68   use_no_semi.o
        60          4          0          0          0         80   vsnprintf.o
        12          0          0          0          0        116   dretinf.o
        86          4          0          0          0        132   f2d.o
       140          4          0          0          0        132   fnaninf.o
        26          0          0          0          0        116   fpinit.o
         4          0          0          0          0        116   printf1.o
         4          0          0          0          0        116   printf2.o
         0          0          0          0          0          0   usenofp.o
        48          0          0          0          0        124   fpclassify.o

    ----------------------------------------------------------------------
      7444        272        552          0         96       4880   Library Totals
        14          0          1          0          0          0   (incl. Padding)

    ----------------------------------------------------------------------

      Code (inc. data)   RO Data    RW Data    ZI Data      Debug   Library Name

      7110        264        551          0         96       4028   c_w.l
       272          8          0          0          0        728   fz_wm.l
        48          0          0          0          0        124   m_wm.l

    ----------------------------------------------------------------------
      7444        272        552          0         96       4880   Library Totals

    ----------------------------------------------------------------------

==============================================================================


      Code (inc. data)   RO Data    RW Data    ZI Data      Debug   

     19892        526       1064         16       1880     176709   Grand Totals
     19892        526       1064         16       1880     176709   ELF Image Totals
     19892        526       1064         16          0          0   ROM Totals

==============================================================================

    Total RO  Size (Code + RO Data)                20956 (  20.46kB)
    Total RW  Size (RW Data + ZI Data)              1896 (   1.85kB)
    Total ROM Size (Code + RO Data + RW Data)      20972 (  20.48kB)

==============================================================================

